PHPUnit 11.1.2 by Sebastian Bergmann and contributors.

Runtime:       PHP 8.2.12
Configuration: C:\Users\ismai\Downloads\STAJ22001\phpunit.xml

.FF..F..F..FFFF..FFFF.....EE                                      28 / 28 (100%)

Time: 00:01.952, Memory: 52.00 MB

There were 3 PHPUnit test runner deprecations:

1) Metadata found in doc-comment for method Tests\Feature\SecurityTest::guest_users_should_not_access_admin_routes(). Metadata in doc-comments is deprecated and will no longer be supported in PHPUnit 12. Update your test code to use attributes instead.

2) Metadata found in doc-comment for method Tests\Feature\SecurityTest::admin_user_can_access_admin_routes(). Metadata in doc-comments is deprecated and will no longer be supported in PHPUnit 12. Update your test code to use attributes instead.

3) Metadata found in doc-comment for method Tests\Feature\SecurityTest::reader_user_cannot_access_admin_routes(). Metadata in doc-comments is deprecated and will no longer be supported in PHPUnit 12. Update your test code to use attributes instead.

--

There were 2 errors:

1) Tests\Feature\SecurityTest::admin_user_can_access_admin_routes
Illuminate\Database\QueryException: SQLSTATE[HY000]: General error: 1 no such table: users (Connection: sqlite, SQL: insert into "users" ("name", "email", "role", "email_verified_at", "password", "remember_token", "updated_at", "created_at") values (Maci Ebert, ali.purdy@example.org, admin, 2026-02-17 08:52:14, $2y$04$Wd60G7buLNjt6hw0m7oZ..8YjP0I1UbyMaa8m4dLH5/8VgtE3bWvu, umelBkROqy, 2026-02-17 08:52:14, 2026-02-17 08:52:14))

C:\Users\ismai\Downloads\STAJ22001\vendor\laravel\framework\src\Illuminate\Database\Connection.php:825
C:\Users\ismai\Downloads\STAJ22001\vendor\laravel\framework\src\Illuminate\Database\Connection.php:779
C:\Users\ismai\Downloads\STAJ22001\vendor\laravel\framework\src\Illuminate\Database\Connection.php:560
C:\Users\ismai\Downloads\STAJ22001\vendor\laravel\framework\src\Illuminate\Database\Connection.php:524
C:\Users\ismai\Downloads\STAJ22001\vendor\laravel\framework\src\Illuminate\Database\Query\Processors\Processor.php:32
C:\Users\ismai\Downloads\STAJ22001\vendor\laravel\framework\src\Illuminate\Database\Query\Builder.php:3798
C:\Users\ismai\Downloads\STAJ22001\vendor\laravel\framework\src\Illuminate\Database\Eloquent\Builder.php:2038
C:\Users\ismai\Downloads\STAJ22001\vendor\laravel\framework\src\Illuminate\Database\Eloquent\Model.php:1358
C:\Users\ismai\Downloads\STAJ22001\vendor\laravel\framework\src\Illuminate\Database\Eloquent\Model.php:1323
C:\Users\ismai\Downloads\STAJ22001\vendor\laravel\framework\src\Illuminate\Database\Eloquent\Model.php:1162
C:\Users\ismai\Downloads\STAJ22001\vendor\laravel\framework\src\Illuminate\Database\Eloquent\Factories\Factory.php:338
C:\Users\ismai\Downloads\STAJ22001\vendor\laravel\framework\src\Illuminate\Collections\Traits\EnumeratesValues.php:257
C:\Users\ismai\Downloads\STAJ22001\vendor\laravel\framework\src\Illuminate\Database\Eloquent\Factories\Factory.php:333
C:\Users\ismai\Downloads\STAJ22001\vendor\laravel\framework\src\Illuminate\Database\Eloquent\Factories\Factory.php:287
C:\Users\ismai\Downloads\STAJ22001\vendor\laravel\framework\src\Illuminate\Database\Eloquent\Factories\Factory.php:281
C:\Users\ismai\Downloads\STAJ22001\tests\Feature\SecurityTest.php:44

Caused by
PDOException: SQLSTATE[HY000]: General error: 1 no such table: users

C:\Users\ismai\Downloads\STAJ22001\vendor\laravel\framework\src\Illuminate\Database\Connection.php:565
C:\Users\ismai\Downloads\STAJ22001\vendor\laravel\framework\src\Illuminate\Database\Connection.php:812
C:\Users\ismai\Downloads\STAJ22001\vendor\laravel\framework\src\Illuminate\Database\Connection.php:779
C:\Users\ismai\Downloads\STAJ22001\vendor\laravel\framework\src\Illuminate\Database\Connection.php:560
C:\Users\ismai\Downloads\STAJ22001\vendor\laravel\framework\src\Illuminate\Database\Connection.php:524
C:\Users\ismai\Downloads\STAJ22001\vendor\laravel\framework\src\Illuminate\Database\Query\Processors\Processor.php:32
C:\Users\ismai\Downloads\STAJ22001\vendor\laravel\framework\src\Illuminate\Database\Query\Builder.php:3798
C:\Users\ismai\Downloads\STAJ22001\vendor\laravel\framework\src\Illuminate\Database\Eloquent\Builder.php:2038
C:\Users\ismai\Downloads\STAJ22001\vendor\laravel\framework\src\Illuminate\Database\Eloquent\Model.php:1358
C:\Users\ismai\Downloads\STAJ22001\vendor\laravel\framework\src\Illuminate\Database\Eloquent\Model.php:1323
C:\Users\ismai\Downloads\STAJ22001\vendor\laravel\framework\src\Illuminate\Database\Eloquent\Model.php:1162
C:\Users\ismai\Downloads\STAJ22001\vendor\laravel\framework\src\Illuminate\Database\Eloquent\Factories\Factory.php:338
C:\Users\ismai\Downloads\STAJ22001\vendor\laravel\framework\src\Illuminate\Collections\Traits\EnumeratesValues.php:257
C:\Users\ismai\Downloads\STAJ22001\vendor\laravel\framework\src\Illuminate\Database\Eloquent\Factories\Factory.php:333
C:\Users\ismai\Downloads\STAJ22001\vendor\laravel\framework\src\Illuminate\Database\Eloquent\Factories\Factory.php:287
C:\Users\ismai\Downloads\STAJ22001\vendor\laravel\framework\src\Illuminate\Database\Eloquent\Factories\Factory.php:281
C:\Users\ismai\Downloads\STAJ22001\tests\Feature\SecurityTest.php:44

2) Tests\Feature\SecurityTest::reader_user_cannot_access_admin_routes
Illuminate\Database\QueryException: SQLSTATE[HY000]: General error: 1 no such table: users (Connection: sqlite, SQL: insert into "users" ("name", "email", "role", "email_verified_at", "password", "remember_token", "updated_at", "created_at") values (Cale Adams DDS, cathy85@example.org, reader, 2026-02-17 08:52:14, $2y$04$Wd60G7buLNjt6hw0m7oZ..8YjP0I1UbyMaa8m4dLH5/8VgtE3bWvu, KaXkgZOHh0, 2026-02-17 08:52:14, 2026-02-17 08:52:14))

C:\Users\ismai\Downloads\STAJ22001\vendor\laravel\framework\src\Illuminate\Database\Connection.php:825
C:\Users\ismai\Downloads\STAJ22001\vendor\laravel\framework\src\Illuminate\Database\Connection.php:779
C:\Users\ismai\Downloads\STAJ22001\vendor\laravel\framework\src\Illuminate\Database\Connection.php:560
C:\Users\ismai\Downloads\STAJ22001\vendor\laravel\framework\src\Illuminate\Database\Connection.php:524
C:\Users\ismai\Downloads\STAJ22001\vendor\laravel\framework\src\Illuminate\Database\Query\Processors\Processor.php:32
C:\Users\ismai\Downloads\STAJ22001\vendor\laravel\framework\src\Illuminate\Database\Query\Builder.php:3798
C:\Users\ismai\Downloads\STAJ22001\vendor\laravel\framework\src\Illuminate\Database\Eloquent\Builder.php:2038
C:\Users\ismai\Downloads\STAJ22001\vendor\laravel\framework\src\Illuminate\Database\Eloquent\Model.php:1358
C:\Users\ismai\Downloads\STAJ22001\vendor\laravel\framework\src\Illuminate\Database\Eloquent\Model.php:1323
C:\Users\ismai\Downloads\STAJ22001\vendor\laravel\framework\src\Illuminate\Database\Eloquent\Model.php:1162
C:\Users\ismai\Downloads\STAJ22001\vendor\laravel\framework\src\Illuminate\Database\Eloquent\Factories\Factory.php:338
C:\Users\ismai\Downloads\STAJ22001\vendor\laravel\framework\src\Illuminate\Collections\Traits\EnumeratesValues.php:257
C:\Users\ismai\Downloads\STAJ22001\vendor\laravel\framework\src\Illuminate\Database\Eloquent\Factories\Factory.php:333
C:\Users\ismai\Downloads\STAJ22001\vendor\laravel\framework\src\Illuminate\Database\Eloquent\Factories\Factory.php:287
C:\Users\ismai\Downloads\STAJ22001\vendor\laravel\framework\src\Illuminate\Database\Eloquent\Factories\Factory.php:281
C:\Users\ismai\Downloads\STAJ22001\tests\Feature\SecurityTest.php:56

Caused by
PDOException: SQLSTATE[HY000]: General error: 1 no such table: users

C:\Users\ismai\Downloads\STAJ22001\vendor\laravel\framework\src\Illuminate\Database\Connection.php:565
C:\Users\ismai\Downloads\STAJ22001\vendor\laravel\framework\src\Illuminate\Database\Connection.php:812
C:\Users\ismai\Downloads\STAJ22001\vendor\laravel\framework\src\Illuminate\Database\Connection.php:779
C:\Users\ismai\Downloads\STAJ22001\vendor\laravel\framework\src\Illuminate\Database\Connection.php:560
C:\Users\ismai\Downloads\STAJ22001\vendor\laravel\framework\src\Illuminate\Database\Connection.php:524
C:\Users\ismai\Downloads\STAJ22001\vendor\laravel\framework\src\Illuminate\Database\Query\Processors\Processor.php:32
C:\Users\ismai\Downloads\STAJ22001\vendor\laravel\framework\src\Illuminate\Database\Query\Builder.php:3798
C:\Users\ismai\Downloads\STAJ22001\vendor\laravel\framework\src\Illuminate\Database\Eloquent\Builder.php:2038
C:\Users\ismai\Downloads\STAJ22001\vendor\laravel\framework\src\Illuminate\Database\Eloquent\Model.php:1358
C:\Users\ismai\Downloads\STAJ22001\vendor\laravel\framework\src\Illuminate\Database\Eloquent\Model.php:1323
C:\Users\ismai\Downloads\STAJ22001\vendor\laravel\framework\src\Illuminate\Database\Eloquent\Model.php:1162
C:\Users\ismai\Downloads\STAJ22001\vendor\laravel\framework\src\Illuminate\Database\Eloquent\Factories\Factory.php:338
C:\Users\ismai\Downloads\STAJ22001\vendor\laravel\framework\src\Illuminate\Collections\Traits\EnumeratesValues.php:257
C:\Users\ismai\Downloads\STAJ22001\vendor\laravel\framework\src\Illuminate\Database\Eloquent\Factories\Factory.php:333
C:\Users\ismai\Downloads\STAJ22001\vendor\laravel\framework\src\Illuminate\Database\Eloquent\Factories\Factory.php:287
C:\Users\ismai\Downloads\STAJ22001\vendor\laravel\framework\src\Illuminate\Database\Eloquent\Factories\Factory.php:281
C:\Users\ismai\Downloads\STAJ22001\tests\Feature\SecurityTest.php:56

--

There were 12 failures:

1) Tests\Feature\Auth\AuthenticationTest::test_login_screen_can_be_rendered
Expected response status code [200] but received 302.
Failed asserting that 302 is identical to 200.

C:\Users\ismai\Downloads\STAJ22001\vendor\laravel\framework\src\Illuminate\Testing\TestResponseAssert.php:45
C:\Users\ismai\Downloads\STAJ22001\vendor\laravel\framework\src\Illuminate\Testing\TestResponse.php:160
C:\Users\ismai\Downloads\STAJ22001\tests\Feature\Auth\AuthenticationTest.php:17

2) Tests\Feature\Auth\AuthenticationTest::test_users_can_authenticate_using_the_login_screen
The user is not authenticated
Failed asserting that false is true.

C:\Users\ismai\Downloads\STAJ22001\vendor\laravel\framework\src\Illuminate\Foundation\Testing\Concerns\InteractsWithAuthentication.php:49
C:\Users\ismai\Downloads\STAJ22001\tests\Feature\Auth\AuthenticationTest.php:29

3) Tests\Feature\Auth\EmailVerificationTest::test_email_verification_screen_can_be_rendered
Expected response status code [200] but received 500.
Failed asserting that 500 is identical to 200.

The following exception occurred during the last request:

Illuminate\Foundation\ViteManifestNotFoundException: Vite manifest not found at: C:\Users\ismai\Downloads\STAJ22001\public\build/manifest.json in C:\Users\ismai\Downloads\STAJ22001\vendor\laravel\framework\src\Illuminate\Foundation\Vite.php:934
Stack trace:
#0 C:\Users\ismai\Downloads\STAJ22001\vendor\laravel\framework\src\Illuminate\Foundation\Vite.php(384): Illuminate\Foundation\Vite->manifest('build')
#1 C:\Users\ismai\Downloads\STAJ22001\storage\framework\views\869ce2f76426c7d8af5803caf56d46f2.php(15): Illuminate\Foundation\Vite->__invoke(Object(Illuminate\Support\Collection))
#2 C:\Users\ismai\Downloads\STAJ22001\vendor\laravel\framework\src\Illuminate\Filesystem\Filesystem.php(123): require('C:\\Users\\ismai\\...')
#3 C:\Users\ismai\Downloads\STAJ22001\vendor\laravel\framework\src\Illuminate\Filesystem\Filesystem.php(124): Illuminate\Filesystem\Filesystem::Illuminate\Filesystem\{closure}()
#4 C:\Users\ismai\Downloads\STAJ22001\vendor\laravel\framework\src\Illuminate\View\Engines\PhpEngine.php(58): Illuminate\Filesystem\Filesystem->getRequire('C:\\Users\\ismai\\...', Array)
#5 C:\Users\ismai\Downloads\STAJ22001\vendor\laravel\framework\src\Illuminate\View\Engines\CompilerEngine.php(74): Illuminate\View\Engines\PhpEngine->evaluatePath('C:\\Users\\ismai\\...', Array)
#6 C:\Users\ismai\Downloads\STAJ22001\vendor\laravel\framework\src\Illuminate\View\View.php(208): Illuminate\View\Engines\CompilerEngine->get('C:\\Users\\ismai\\...', Array)
#7 C:\Users\ismai\Downloads\STAJ22001\vendor\laravel\framework\src\Illuminate\View\View.php(191): Illuminate\View\View->getContents()
#8 C:\Users\ismai\Downloads\STAJ22001\vendor\laravel\framework\src\Illuminate\View\View.php(160): Illuminate\View\View->renderContents()
#9 C:\Users\ismai\Downloads\STAJ22001\vendor\laravel\framework\src\Illuminate\View\Concerns\ManagesComponents.php(99): Illuminate\View\View->render()
#10 C:\Users\ismai\Downloads\STAJ22001\storage\framework\views\9340481f9784f07abc45ead27b2f1e08.php(62): Illuminate\View\Factory->renderComponent()
#11 C:\Users\ismai\Downloads\STAJ22001\vendor\laravel\framework\src\Illuminate\Filesystem\Filesystem.php(123): require('C:\\Users\\ismai\\...')
#12 C:\Users\ismai\Downloads\STAJ22001\vendor\laravel\framework\src\Illuminate\Filesystem\Filesystem.php(124): Illuminate\Filesystem\Filesystem::Illuminate\Filesystem\{closure}()
#13 C:\Users\ismai\Downloads\STAJ22001\vendor\laravel\framework\src\Illuminate\View\Engines\PhpEngine.php(58): Illuminate\Filesystem\Filesystem->getRequire('C:\\Users\\ismai\\...', Array)
#14 C:\Users\ismai\Downloads\STAJ22001\vendor\laravel\framework\src\Illuminate\View\Engines\CompilerEngine.php(74): Illuminate\View\Engines\PhpEngine->evaluatePath('C:\\Users\\ismai\\...', Array)
#15 C:\Users\ismai\Downloads\STAJ22001\vendor\laravel\framework\src\Illuminate\View\View.php(208): Illuminate\View\Engines\CompilerEngine->get('C:\\Users\\ismai\\...', Array)
#16 C:\Users\ismai\Downloads\STAJ22001\vendor\laravel\framework\src\Illuminate\View\View.php(191): Illuminate\View\View->getContents()
#17 C:\Users\ismai\Downloads\STAJ22001\vendor\laravel\framework\src\Illuminate\View\View.php(160): Illuminate\View\View->renderContents()
#18 C:\Users\ismai\Downloads\STAJ22001\vendor\laravel\framework\src\Illuminate\Http\Response.php(70): Illuminate\View\View->render()
#19 C:\Users\ismai\Downloads\STAJ22001\vendor\laravel\framework\src\Illuminate\Http\Response.php(35): Illuminate\Http\Response->setContent(Object(Illuminate\View\View))
#20 C:\Users\ismai\Downloads\STAJ22001\vendor\laravel\framework\src\Illuminate\Routing\Router.php(920): Illuminate\Http\Response->__construct(Object(Illuminate\View\View), 200, Array)
#21 C:\Users\ismai\Downloads\STAJ22001\vendor\laravel\framework\src\Illuminate\Routing\Router.php(887): Illuminate\Routing\Router::toResponse(Object(Illuminate\Http\Request), Object(Illuminate\View\View))
#22 C:\Users\ismai\Downloads\STAJ22001\vendor\laravel\framework\src\Illuminate\Routing\Router.php(807): Illuminate\Routing\Router->prepareResponse(Object(Illuminate\Http\Request), Object(Illuminate\View\View))
#23 C:\Users\ismai\Downloads\STAJ22001\vendor\laravel\framework\src\Illuminate\Pipeline\Pipeline.php(144): Illuminate\Routing\Router->Illuminate\Routing\{closure}(Object(Illuminate\Http\Request))
#24 C:\Users\ismai\Downloads\STAJ22001\vendor\laravel\framework\src\Illuminate\Routing\Middleware\SubstituteBindings.php(51): Illuminate\Pipeline\Pipeline->Illuminate\Pipeline\{closure}(Object(Illuminate\Http\Request))
#25 C:\Users\ismai\Downloads\STAJ22001\vendor\laravel\framework\src\Illuminate\Pipeline\Pipeline.php(183): Illuminate\Routing\Middleware\SubstituteBindings->handle(Object(Illuminate\Http\Request), Object(Closure))
#26 C:\Users\ismai\Downloads\STAJ22001\vendor\laravel\framework\src\Illuminate\Auth\Middleware\Authenticate.php(64): Illuminate\Pipeline\Pipeline->Illuminate\Pipeline\{closure}(Object(Illuminate\Http\Request))
#27 C:\Users\ismai\Downloads\STAJ22001\vendor\laravel\framework\src\Illuminate\Pipeline\Pipeline.php(183): Illuminate\Auth\Middleware\Authenticate->handle(Object(Illuminate\Http\Request), Object(Closure))
#28 C:\Users\ismai\Downloads\STAJ22001\vendor\laravel\framework\src\Illuminate\Foundation\Http\Middleware\VerifyCsrfToken.php(88): Illuminate\Pipeline\Pipeline->Illuminate\Pipeline\{closure}(Object(Illuminate\Http\Request))
#29 C:\Users\ismai\Downloads\STAJ22001\vendor\laravel\framework\src\Illuminate\Pipeline\Pipeline.php(183): Illuminate\Foundation\Http\Middleware\VerifyCsrfToken->handle(Object(Illuminate\Http\Request), Object(Closure))
#30 C:\Users\ismai\Downloads\STAJ22001\vendor\laravel\framework\src\Illuminate\View\Middleware\ShareErrorsFromSession.php(49): Illuminate\Pipeline\Pipeline->Illuminate\Pipeline\{closure}(Object(Illuminate\Http\Request))
#31 C:\Users\ismai\Downloads\STAJ22001\vendor\laravel\framework\src\Illuminate\Pipeline\Pipeline.php(183): Illuminate\View\Middleware\ShareErrorsFromSession->handle(Object(Illuminate\Http\Request), Object(Closure))
#32 C:\Users\ismai\Downloads\STAJ22001\vendor\laravel\framework\src\Illuminate\Session\Middleware\StartSession.php(121): Illuminate\Pipeline\Pipeline->Illuminate\Pipeline\{closure}(Object(Illuminate\Http\Request))
#33 C:\Users\ismai\Downloads\STAJ22001\vendor\laravel\framework\src\Illuminate\Session\Middleware\StartSession.php(64): Illuminate\Session\Middleware\StartSession->handleStatefulRequest(Object(Illuminate\Http\Request), Object(Illuminate\Session\Store), Object(Closure))
#34 C:\Users\ismai\Downloads\STAJ22001\vendor\laravel\framework\src\Illuminate\Pipeline\Pipeline.php(183): Illuminate\Session\Middleware\StartSession->handle(Object(Illuminate\Http\Request), Object(Closure))
#35 C:\Users\ismai\Downloads\STAJ22001\vendor\laravel\framework\src\Illuminate\Cookie\Middleware\AddQueuedCookiesToResponse.php(37): Illuminate\Pipeline\Pipeline->Illuminate\Pipeline\{closure}(Object(Illuminate\Http\Request))
#36 C:\Users\ismai\Downloads\STAJ22001\vendor\laravel\framework\src\Illuminate\Pipeline\Pipeline.php(183): Illuminate\Cookie\Middleware\AddQueuedCookiesToResponse->handle(Object(Illuminate\Http\Request), Object(Closure))
#37 C:\Users\ismai\Downloads\STAJ22001\vendor\laravel\framework\src\Illuminate\Cookie\Middleware\EncryptCookies.php(75): Illuminate\Pipeline\Pipeline->Illuminate\Pipeline\{closure}(Object(Illuminate\Http\Request))
#38 C:\Users\ismai\Downloads\STAJ22001\vendor\laravel\framework\src\Illuminate\Pipeline\Pipeline.php(183): Illuminate\Cookie\Middleware\EncryptCookies->handle(Object(Illuminate\Http\Request), Object(Closure))
#39 C:\Users\ismai\Downloads\STAJ22001\vendor\laravel\framework\src\Illuminate\Pipeline\Pipeline.php(119): Illuminate\Pipeline\Pipeline->Illuminate\Pipeline\{closure}(Object(Illuminate\Http\Request))
#40 C:\Users\ismai\Downloads\STAJ22001\vendor\laravel\framework\src\Illuminate\Routing\Router.php(807): Illuminate\Pipeline\Pipeline->then(Object(Closure))
#41 C:\Users\ismai\Downloads\STAJ22001\vendor\laravel\framework\src\Illuminate\Routing\Router.php(786): Illuminate\Routing\Router->runRouteWithinStack(Object(Illuminate\Routing\Route), Object(Illuminate\Http\Request))
#42 C:\Users\ismai\Downloads\STAJ22001\vendor\laravel\framework\src\Illuminate\Routing\Router.php(750): Illuminate\Routing\Router->runRoute(Object(Illuminate\Http\Request), Object(Illuminate\Routing\Route))
#43 C:\Users\ismai\Downloads\STAJ22001\vendor\laravel\framework\src\Illuminate\Routing\Router.php(739): Illuminate\Routing\Router->dispatchToRoute(Object(Illuminate\Http\Request))
#44 C:\Users\ismai\Downloads\STAJ22001\vendor\laravel\framework\src\Illuminate\Foundation\Http\Kernel.php(201): Illuminate\Routing\Router->dispatch(Object(Illuminate\Http\Request))
#45 C:\Users\ismai\Downloads\STAJ22001\vendor\laravel\framework\src\Illuminate\Pipeline\Pipeline.php(144): Illuminate\Foundation\Http\Kernel->Illuminate\Foundation\Http\{closure}(Object(Illuminate\Http\Request))
#46 C:\Users\ismai\Downloads\STAJ22001\app\Http\Middleware\EnsureUserHasRole.php(41): Illuminate\Pipeline\Pipeline->Illuminate\Pipeline\{closure}(Object(Illuminate\Http\Request))
#47 C:\Users\ismai\Downloads\STAJ22001\vendor\laravel\framework\src\Illuminate\Pipeline\Pipeline.php(183): App\Http\Middleware\EnsureUserHasRole->handle(Object(Illuminate\Http\Request), Object(Closure))
#48 C:\Users\ismai\Downloads\STAJ22001\vendor\laravel\framework\src\Illuminate\Foundation\Http\Middleware\TransformsRequest.php(21): Illuminate\Pipeline\Pipeline->Illuminate\Pipeline\{closure}(Object(Illuminate\Http\Request))
#49 C:\Users\ismai\Downloads\STAJ22001\vendor\laravel\framework\src\Illuminate\Foundation\Http\Middleware\ConvertEmptyStringsToNull.php(31): Illuminate\Foundation\Http\Middleware\TransformsRequest->handle(Object(Illuminate\Http\Request), Object(Closure))
#50 C:\Users\ismai\Downloads\STAJ22001\vendor\laravel\framework\src\Illuminate\Pipeline\Pipeline.php(183): Illuminate\Foundation\Http\Middleware\ConvertEmptyStringsToNull->handle(Object(Illuminate\Http\Request), Object(Closure))
#51 C:\Users\ismai\Downloads\STAJ22001\vendor\laravel\framework\src\Illuminate\Foundation\Http\Middleware\TransformsRequest.php(21): Illuminate\Pipeline\Pipeline->Illuminate\Pipeline\{closure}(Object(Illuminate\Http\Request))
#52 C:\Users\ismai\Downloads\STAJ22001\vendor\laravel\framework\src\Illuminate\Foundation\Http\Middleware\TrimStrings.php(51): Illuminate\Foundation\Http\Middleware\TransformsRequest->handle(Object(Illuminate\Http\Request), Object(Closure))
#53 C:\Users\ismai\Downloads\STAJ22001\vendor\laravel\framework\src\Illuminate\Pipeline\Pipeline.php(183): Illuminate\Foundation\Http\Middleware\TrimStrings->handle(Object(Illuminate\Http\Request), Object(Closure))
#54 C:\Users\ismai\Downloads\STAJ22001\vendor\laravel\framework\src\Illuminate\Http\Middleware\ValidatePostSize.php(27): Illuminate\Pipeline\Pipeline->Illuminate\Pipeline\{closure}(Object(Illuminate\Http\Request))
#55 C:\Users\ismai\Downloads\STAJ22001\vendor\laravel\framework\src\Illuminate\Pipeline\Pipeline.php(183): Illuminate\Http\Middleware\ValidatePostSize->handle(Object(Illuminate\Http\Request), Object(Closure))
#56 C:\Users\ismai\Downloads\STAJ22001\vendor\laravel\framework\src\Illuminate\Foundation\Http\Middleware\PreventRequestsDuringMaintenance.php(110): Illuminate\Pipeline\Pipeline->Illuminate\Pipeline\{closure}(Object(Illuminate\Http\Request))
#57 C:\Users\ismai\Downloads\STAJ22001\vendor\laravel\framework\src\Illuminate\Pipeline\Pipeline.php(183): Illuminate\Foundation\Http\Middleware\PreventRequestsDuringMaintenance->handle(Object(Illuminate\Http\Request), Object(Closure))
#58 C:\Users\ismai\Downloads\STAJ22001\vendor\laravel\framework\src\Illuminate\Http\Middleware\HandleCors.php(49): Illuminate\Pipeline\Pipeline->Illuminate\Pipeline\{closure}(Object(Illuminate\Http\Request))
#59 C:\Users\ismai\Downloads\STAJ22001\vendor\laravel\framework\src\Illuminate\Pipeline\Pipeline.php(183): Illuminate\Http\Middleware\HandleCors->handle(Object(Illuminate\Http\Request), Object(Closure))
#60 C:\Users\ismai\Downloads\STAJ22001\vendor\laravel\framework\src\Illuminate\Http\Middleware\TrustProxies.php(58): Illuminate\Pipeline\Pipeline->Illuminate\Pipeline\{closure}(Object(Illuminate\Http\Request))
#61 C:\Users\ismai\Downloads\STAJ22001\vendor\laravel\framework\src\Illuminate\Pipeline\Pipeline.php(183): Illuminate\Http\Middleware\TrustProxies->handle(Object(Illuminate\Http\Request), Object(Closure))
#62 C:\Users\ismai\Downloads\STAJ22001\vendor\laravel\framework\src\Illuminate\Foundation\Http\Middleware\InvokeDeferredCallbacks.php(22): Illuminate\Pipeline\Pipeline->Illuminate\Pipeline\{closure}(Object(Illuminate\Http\Request))
#63 C:\Users\ismai\Downloads\STAJ22001\vendor\laravel\framework\src\Illuminate\Pipeline\Pipeline.php(183): Illuminate\Foundation\Http\Middleware\InvokeDeferredCallbacks->handle(Object(Illuminate\Http\Request), Object(Closure))
#64 C:\Users\ismai\Downloads\STAJ22001\vendor\laravel\framework\src\Illuminate\Pipeline\Pipeline.php(119): Illuminate\Pipeline\Pipeline->Illuminate\Pipeline\{closure}(Object(Illuminate\Http\Request))
#65 C:\Users\ismai\Downloads\STAJ22001\vendor\laravel\framework\src\Illuminate\Foundation\Http\Kernel.php(176): Illuminate\Pipeline\Pipeline->then(Object(Closure))
#66 C:\Users\ismai\Downloads\STAJ22001\vendor\laravel\framework\src\Illuminate\Foundation\Http\Kernel.php(145): Illuminate\Foundation\Http\Kernel->sendRequestThroughRouter(Object(Illuminate\Http\Request))
#67 C:\Users\ismai\Downloads\STAJ22001\vendor\laravel\framework\src\Illuminate\Foundation\Testing\Concerns\MakesHttpRequests.php(604): Illuminate\Foundation\Http\Kernel->handle(Object(Illuminate\Http\Request))
#68 C:\Users\ismai\Downloads\STAJ22001\vendor\laravel\framework\src\Illuminate\Foundation\Testing\Concerns\MakesHttpRequests.php(365): Illuminate\Foundation\Testing\TestCase->call('GET', '/verify-email', Array, Array, Array, Array)
#69 C:\Users\ismai\Downloads\STAJ22001\tests\Feature\Auth\EmailVerificationTest.php(22): Illuminate\Foundation\Testing\TestCase->get('/verify-email')
#70 C:\Users\ismai\Downloads\STAJ22001\vendor\phpunit\phpunit\src\Framework\TestCase.php(1173): Tests\Feature\Auth\EmailVerificationTest->test_email_verification_screen_can_be_rendered()
#71 C:\Users\ismai\Downloads\STAJ22001\vendor\phpunit\phpunit\src\Framework\TestCase.php(482): PHPUnit\Framework\TestCase->runTest()
#72 C:\Users\ismai\Downloads\STAJ22001\vendor\phpunit\phpunit\src\Framework\TestRunner.php(98): PHPUnit\Framework\TestCase->runBare()
#73 C:\Users\ismai\Downloads\STAJ22001\vendor\phpunit\phpunit\src\Framework\TestCase.php(337): PHPUnit\Framework\TestRunner->run(Object(Tests\Feature\Auth\EmailVerificationTest))
#74 C:\Users\ismai\Downloads\STAJ22001\vendor\phpunit\phpunit\src\Framework\TestSuite.php(369): PHPUnit\Framework\TestCase->run()
#75 C:\Users\ismai\Downloads\STAJ22001\vendor\phpunit\phpunit\src\Framework\TestSuite.php(369): PHPUnit\Framework\TestSuite->run()
#76 C:\Users\ismai\Downloads\STAJ22001\vendor\phpunit\phpunit\src\Framework\TestSuite.php(369): PHPUnit\Framework\TestSuite->run()
#77 C:\Users\ismai\Downloads\STAJ22001\vendor\phpunit\phpunit\src\TextUI\TestRunner.php(62): PHPUnit\Framework\TestSuite->run()
#78 C:\Users\ismai\Downloads\STAJ22001\vendor\phpunit\phpunit\src\TextUI\Application.php(200): PHPUnit\TextUI\TestRunner->run(Object(PHPUnit\TextUI\Configuration\Configuration), Object(PHPUnit\Runner\ResultCache\DefaultResultCache), Object(PHPUnit\Framework\TestSuite))
#79 C:\Users\ismai\Downloads\STAJ22001\vendor\phpunit\phpunit\phpunit(104): PHPUnit\TextUI\Application->run(Array)
#80 C:\Users\ismai\Downloads\STAJ22001\vendor\bin\phpunit(122): include('C:\\Users\\ismai\\...')
#81 {main}

Next Spatie\LaravelIgnition\Exceptions\ViewException: Vite manifest not found at: C:\Users\ismai\Downloads\STAJ22001\public\build/manifest.json in C:\Users\ismai\Downloads\STAJ22001\vendor\laravel\framework\src\Illuminate\Foundation\Vite.php:934
Stack trace:
#0 C:\Users\ismai\Downloads\STAJ22001\vendor\laravel\framework\src\Illuminate\Foundation\Vite.php(384): Illuminate\Foundation\Vite->manifest('build')
#1 C:\Users\ismai\Downloads\STAJ22001\resources\views\layouts\guest.blade.php(15): Illuminate\Foundation\Vite->__invoke(Object(Illuminate\Support\Collection))
#2 C:\Users\ismai\Downloads\STAJ22001\vendor\laravel\framework\src\Illuminate\Filesystem\Filesystem.php(123): require('C:\\Users\\ismai\\...')
#3 C:\Users\ismai\Downloads\STAJ22001\vendor\laravel\framework\src\Illuminate\Filesystem\Filesystem.php(124): Illuminate\Filesystem\Filesystem::Illuminate\Filesystem\{closure}()
#4 C:\Users\ismai\Downloads\STAJ22001\vendor\laravel\framework\src\Illuminate\View\Engines\PhpEngine.php(58): Illuminate\Filesystem\Filesystem->getRequire('C:\\Users\\ismai\\...', Array)
#5 C:\Users\ismai\Downloads\STAJ22001\vendor\laravel\framework\src\Illuminate\View\Engines\CompilerEngine.php(74): Illuminate\View\Engines\PhpEngine->evaluatePath('C:\\Users\\ismai\\...', Array)
#6 C:\Users\ismai\Downloads\STAJ22001\vendor\laravel\framework\src\Illuminate\View\View.php(208): Illuminate\View\Engines\CompilerEngine->get('C:\\Users\\ismai\\...', Array)
#7 C:\Users\ismai\Downloads\STAJ22001\vendor\laravel\framework\src\Illuminate\View\View.php(191): Illuminate\View\View->getContents()
#8 C:\Users\ismai\Downloads\STAJ22001\vendor\laravel\framework\src\Illuminate\View\View.php(160): Illuminate\View\View->renderContents()
#9 C:\Users\ismai\Downloads\STAJ22001\vendor\laravel\framework\src\Illuminate\View\Concerns\ManagesComponents.php(99): Illuminate\View\View->render()
#10 C:\Users\ismai\Downloads\STAJ22001\resources\views\auth\verify-email.blade.php(27): Illuminate\View\Factory->renderComponent()
#11 C:\Users\ismai\Downloads\STAJ22001\vendor\laravel\framework\src\Illuminate\Filesystem\Filesystem.php(123): require('C:\\Users\\ismai\\...')
#12 C:\Users\ismai\Downloads\STAJ22001\vendor\laravel\framework\src\Illuminate\Filesystem\Filesystem.php(124): Illuminate\Filesystem\Filesystem::Illuminate\Filesystem\{closure}()
#13 C:\Users\ismai\Downloads\STAJ22001\vendor\laravel\framework\src\Illuminate\View\Engines\PhpEngine.php(58): Illuminate\Filesystem\Filesystem->getRequire('C:\\Users\\ismai\\...', Array)
#14 C:\Users\ismai\Downloads\STAJ22001\vendor\laravel\framework\src\Illuminate\View\Engines\CompilerEngine.php(74): Illuminate\View\Engines\PhpEngine->evaluatePath('C:\\Users\\ismai\\...', Array)
#15 C:\Users\ismai\Downloads\STAJ22001\vendor\laravel\framework\src\Illuminate\View\View.php(208): Illuminate\View\Engines\CompilerEngine->get('C:\\Users\\ismai\\...', Array)
#16 C:\Users\ismai\Downloads\STAJ22001\vendor\laravel\framework\src\Illuminate\View\View.php(191): Illuminate\View\View->getContents()
#17 C:\Users\ismai\Downloads\STAJ22001\vendor\laravel\framework\src\Illuminate\View\View.php(160): Illuminate\View\View->renderContents()
#18 C:\Users\ismai\Downloads\STAJ22001\vendor\laravel\framework\src\Illuminate\Http\Response.php(70): Illuminate\View\View->render()
#19 C:\Users\ismai\Downloads\STAJ22001\vendor\laravel\framework\src\Illuminate\Http\Response.php(35): Illuminate\Http\Response->setContent(Object(Illuminate\View\View))
#20 C:\Users\ismai\Downloads\STAJ22001\vendor\laravel\framework\src\Illuminate\Routing\Router.php(920): Illuminate\Http\Response->__construct(Object(Illuminate\View\View), 200, Array)
#21 C:\Users\ismai\Downloads\STAJ22001\vendor\laravel\framework\src\Illuminate\Routing\Router.php(887): Illuminate\Routing\Router::toResponse(Object(Illuminate\Http\Request), Object(Illuminate\View\View))
#22 C:\Users\ismai\Downloads\STAJ22001\vendor\laravel\framework\src\Illuminate\Routing\Router.php(807): Illuminate\Routing\Router->prepareResponse(Object(Illuminate\Http\Request), Object(Illuminate\View\View))
#23 C:\Users\ismai\Downloads\STAJ22001\vendor\laravel\framework\src\Illuminate\Pipeline\Pipeline.php(144): Illuminate\Routing\Router->Illuminate\Routing\{closure}(Object(Illuminate\Http\Request))
#24 C:\Users\ismai\Downloads\STAJ22001\vendor\laravel\framework\src\Illuminate\Routing\Middleware\SubstituteBindings.php(51): Illuminate\Pipeline\Pipeline->Illuminate\Pipeline\{closure}(Object(Illuminate\Http\Request))
#25 C:\Users\ismai\Downloads\STAJ22001\vendor\laravel\framework\src\Illuminate\Pipeline\Pipeline.php(183): Illuminate\Routing\Middleware\SubstituteBindings->handle(Object(Illuminate\Http\Request), Object(Closure))
#26 C:\Users\ismai\Downloads\STAJ22001\vendor\laravel\framework\src\Illuminate\Auth\Middleware\Authenticate.php(64): Illuminate\Pipeline\Pipeline->Illuminate\Pipeline\{closure}(Object(Illuminate\Http\Request))
#27 C:\Users\ismai\Downloads\STAJ22001\vendor\laravel\framework\src\Illuminate\Pipeline\Pipeline.php(183): Illuminate\Auth\Middleware\Authenticate->handle(Object(Illuminate\Http\Request), Object(Closure))
#28 C:\Users\ismai\Downloads\STAJ22001\vendor\laravel\framework\src\Illuminate\Foundation\Http\Middleware\VerifyCsrfToken.php(88): Illuminate\Pipeline\Pipeline->Illuminate\Pipeline\{closure}(Object(Illuminate\Http\Request))
#29 C:\Users\ismai\Downloads\STAJ22001\vendor\laravel\framework\src\Illuminate\Pipeline\Pipeline.php(183): Illuminate\Foundation\Http\Middleware\VerifyCsrfToken->handle(Object(Illuminate\Http\Request), Object(Closure))
#30 C:\Users\ismai\Downloads\STAJ22001\vendor\laravel\framework\src\Illuminate\View\Middleware\ShareErrorsFromSession.php(49): Illuminate\Pipeline\Pipeline->Illuminate\Pipeline\{closure}(Object(Illuminate\Http\Request))
#31 C:\Users\ismai\Downloads\STAJ22001\vendor\laravel\framework\src\Illuminate\Pipeline\Pipeline.php(183): Illuminate\View\Middleware\ShareErrorsFromSession->handle(Object(Illuminate\Http\Request), Object(Closure))
#32 C:\Users\ismai\Downloads\STAJ22001\vendor\laravel\framework\src\Illuminate\Session\Middleware\StartSession.php(121): Illuminate\Pipeline\Pipeline->Illuminate\Pipeline\{closure}(Object(Illuminate\Http\Request))
#33 C:\Users\ismai\Downloads\STAJ22001\vendor\laravel\framework\src\Illuminate\Session\Middleware\StartSession.php(64): Illuminate\Session\Middleware\StartSession->handleStatefulRequest(Object(Illuminate\Http\Request), Object(Illuminate\Session\Store), Object(Closure))
#34 C:\Users\ismai\Downloads\STAJ22001\vendor\laravel\framework\src\Illuminate\Pipeline\Pipeline.php(183): Illuminate\Session\Middleware\StartSession->handle(Object(Illuminate\Http\Request), Object(Closure))
#35 C:\Users\ismai\Downloads\STAJ22001\vendor\laravel\framework\src\Illuminate\Cookie\Middleware\AddQueuedCookiesToResponse.php(37): Illuminate\Pipeline\Pipeline->Illuminate\Pipeline\{closure}(Object(Illuminate\Http\Request))
#36 C:\Users\ismai\Downloads\STAJ22001\vendor\laravel\framework\src\Illuminate\Pipeline\Pipeline.php(183): Illuminate\Cookie\Middleware\AddQueuedCookiesToResponse->handle(Object(Illuminate\Http\Request), Object(Closure))
#37 C:\Users\ismai\Downloads\STAJ22001\vendor\laravel\framework\src\Illuminate\Cookie\Middleware\EncryptCookies.php(75): Illuminate\Pipeline\Pipeline->Illuminate\Pipeline\{closure}(Object(Illuminate\Http\Request))
#38 C:\Users\ismai\Downloads\STAJ22001\vendor\laravel\framework\src\Illuminate\Pipeline\Pipeline.php(183): Illuminate\Cookie\Middleware\EncryptCookies->handle(Object(Illuminate\Http\Request), Object(Closure))
#39 C:\Users\ismai\Downloads\STAJ22001\vendor\laravel\framework\src\Illuminate\Pipeline\Pipeline.php(119): Illuminate\Pipeline\Pipeline->Illuminate\Pipeline\{closure}(Object(Illuminate\Http\Request))
#40 C:\Users\ismai\Downloads\STAJ22001\vendor\laravel\framework\src\Illuminate\Routing\Router.php(807): Illuminate\Pipeline\Pipeline->then(Object(Closure))
#41 C:\Users\ismai\Downloads\STAJ22001\vendor\laravel\framework\src\Illuminate\Routing\Router.php(786): Illuminate\Routing\Router->runRouteWithinStack(Object(Illuminate\Routing\Route), Object(Illuminate\Http\Request))
#42 C:\Users\ismai\Downloads\STAJ22001\vendor\laravel\framework\src\Illuminate\Routing\Router.php(750): Illuminate\Routing\Router->runRoute(Object(Illuminate\Http\Request), Object(Illuminate\Routing\Route))
#43 C:\Users\ismai\Downloads\STAJ22001\vendor\laravel\framework\src\Illuminate\Routing\Router.php(739): Illuminate\Routing\Router->dispatchToRoute(Object(Illuminate\Http\Request))
#44 C:\Users\ismai\Downloads\STAJ22001\vendor\laravel\framework\src\Illuminate\Foundation\Http\Kernel.php(201): Illuminate\Routing\Router->dispatch(Object(Illuminate\Http\Request))
#45 C:\Users\ismai\Downloads\STAJ22001\vendor\laravel\framework\src\Illuminate\Pipeline\Pipeline.php(144): Illuminate\Foundation\Http\Kernel->Illuminate\Foundation\Http\{closure}(Object(Illuminate\Http\Request))
#46 C:\Users\ismai\Downloads\STAJ22001\app\Http\Middleware\EnsureUserHasRole.php(41): Illuminate\Pipeline\Pipeline->Illuminate\Pipeline\{closure}(Object(Illuminate\Http\Request))
#47 C:\Users\ismai\Downloads\STAJ22001\vendor\laravel\framework\src\Illuminate\Pipeline\Pipeline.php(183): App\Http\Middleware\EnsureUserHasRole->handle(Object(Illuminate\Http\Request), Object(Closure))
#48 C:\Users\ismai\Downloads\STAJ22001\vendor\laravel\framework\src\Illuminate\Foundation\Http\Middleware\TransformsRequest.php(21): Illuminate\Pipeline\Pipeline->Illuminate\Pipeline\{closure}(Object(Illuminate\Http\Request))
#49 C:\Users\ismai\Downloads\STAJ22001\vendor\laravel\framework\src\Illuminate\Foundation\Http\Middleware\ConvertEmptyStringsToNull.php(31): Illuminate\Foundation\Http\Middleware\TransformsRequest->handle(Object(Illuminate\Http\Request), Object(Closure))
#50 C:\Users\ismai\Downloads\STAJ22001\vendor\laravel\framework\src\Illuminate\Pipeline\Pipeline.php(183): Illuminate\Foundation\Http\Middleware\ConvertEmptyStringsToNull->handle(Object(Illuminate\Http\Request), Object(Closure))
#51 C:\Users\ismai\Downloads\STAJ22001\vendor\laravel\framework\src\Illuminate\Foundation\Http\Middleware\TransformsRequest.php(21): Illuminate\Pipeline\Pipeline->Illuminate\Pipeline\{closure}(Object(Illuminate\Http\Request))
#52 C:\Users\ismai\Downloads\STAJ22001\vendor\laravel\framework\src\Illuminate\Foundation\Http\Middleware\TrimStrings.php(51): Illuminate\Foundation\Http\Middleware\TransformsRequest->handle(Object(Illuminate\Http\Request), Object(Closure))
#53 C:\Users\ismai\Downloads\STAJ22001\vendor\laravel\framework\src\Illuminate\Pipeline\Pipeline.php(183): Illuminate\Foundation\Http\Middleware\TrimStrings->handle(Object(Illuminate\Http\Request), Object(Closure))
#54 C:\Users\ismai\Downloads\STAJ22001\vendor\laravel\framework\src\Illuminate\Http\Middleware\ValidatePostSize.php(27): Illuminate\Pipeline\Pipeline->Illuminate\Pipeline\{closure}(Object(Illuminate\Http\Request))
#55 C:\Users\ismai\Downloads\STAJ22001\vendor\laravel\framework\src\Illuminate\Pipeline\Pipeline.php(183): Illuminate\Http\Middleware\ValidatePostSize->handle(Object(Illuminate\Http\Request), Object(Closure))
#56 C:\Users\ismai\Downloads\STAJ22001\vendor\laravel\framework\src\Illuminate\Foundation\Http\Middleware\PreventRequestsDuringMaintenance.php(110): Illuminate\Pipeline\Pipeline->Illuminate\Pipeline\{closure}(Object(Illuminate\Http\Request))
#57 C:\Users\ismai\Downloads\STAJ22001\vendor\laravel\framework\src\Illuminate\Pipeline\Pipeline.php(183): Illuminate\Foundation\Http\Middleware\PreventRequestsDuringMaintenance->handle(Object(Illuminate\Http\Request), Object(Closure))
#58 C:\Users\ismai\Downloads\STAJ22001\vendor\laravel\framework\src\Illuminate\Http\Middleware\HandleCors.php(49): Illuminate\Pipeline\Pipeline->Illuminate\Pipeline\{closure}(Object(Illuminate\Http\Request))
#59 C:\Users\ismai\Downloads\STAJ22001\vendor\laravel\framework\src\Illuminate\Pipeline\Pipeline.php(183): Illuminate\Http\Middleware\HandleCors->handle(Object(Illuminate\Http\Request), Object(Closure))
#60 C:\Users\ismai\Downloads\STAJ22001\vendor\laravel\framework\src\Illuminate\Http\Middleware\TrustProxies.php(58): Illuminate\Pipeline\Pipeline->Illuminate\Pipeline\{closure}(Object(Illuminate\Http\Request))
#61 C:\Users\ismai\Downloads\STAJ22001\vendor\laravel\framework\src\Illuminate\Pipeline\Pipeline.php(183): Illuminate\Http\Middleware\TrustProxies->handle(Object(Illuminate\Http\Request), Object(Closure))
#62 C:\Users\ismai\Downloads\STAJ22001\vendor\laravel\framework\src\Illuminate\Foundation\Http\Middleware\InvokeDeferredCallbacks.php(22): Illuminate\Pipeline\Pipeline->Illuminate\Pipeline\{closure}(Object(Illuminate\Http\Request))
#63 C:\Users\ismai\Downloads\STAJ22001\vendor\laravel\framework\src\Illuminate\Pipeline\Pipeline.php(183): Illuminate\Foundation\Http\Middleware\InvokeDeferredCallbacks->handle(Object(Illuminate\Http\Request), Object(Closure))
#64 C:\Users\ismai\Downloads\STAJ22001\vendor\laravel\framework\src\Illuminate\Pipeline\Pipeline.php(119): Illuminate\Pipeline\Pipeline->Illuminate\Pipeline\{closure}(Object(Illuminate\Http\Request))
#65 C:\Users\ismai\Downloads\STAJ22001\vendor\laravel\framework\src\Illuminate\Foundation\Http\Kernel.php(176): Illuminate\Pipeline\Pipeline->then(Object(Closure))
#66 C:\Users\ismai\Downloads\STAJ22001\vendor\laravel\framework\src\Illuminate\Foundation\Http\Kernel.php(145): Illuminate\Foundation\Http\Kernel->sendRequestThroughRouter(Object(Illuminate\Http\Request))
#67 C:\Users\ismai\Downloads\STAJ22001\vendor\laravel\framework\src\Illuminate\Foundation\Testing\Concerns\MakesHttpRequests.php(604): Illuminate\Foundation\Http\Kernel->handle(Object(Illuminate\Http\Request))
#68 C:\Users\ismai\Downloads\STAJ22001\vendor\laravel\framework\src\Illuminate\Foundation\Testing\Concerns\MakesHttpRequests.php(365): Illuminate\Foundation\Testing\TestCase->call('GET', '/verify-email', Array, Array, Array, Array)
#69 C:\Users\ismai\Downloads\STAJ22001\tests\Feature\Auth\EmailVerificationTest.php(22): Illuminate\Foundation\Testing\TestCase->get('/verify-email')
#70 C:\Users\ismai\Downloads\STAJ22001\vendor\phpunit\phpunit\src\Framework\TestCase.php(1173): Tests\Feature\Auth\EmailVerificationTest->test_email_verification_screen_can_be_rendered()
#71 C:\Users\ismai\Downloads\STAJ22001\vendor\phpunit\phpunit\src\Framework\TestCase.php(482): PHPUnit\Framework\TestCase->runTest()
#72 C:\Users\ismai\Downloads\STAJ22001\vendor\phpunit\phpunit\src\Framework\TestRunner.php(98): PHPUnit\Framework\TestCase->runBare()
#73 C:\Users\ismai\Downloads\STAJ22001\vendor\phpunit\phpunit\src\Framework\TestCase.php(337): PHPUnit\Framework\TestRunner->run(Object(Tests\Feature\Auth\EmailVerificationTest))
#74 C:\Users\ismai\Downloads\STAJ22001\vendor\phpunit\phpunit\src\Framework\TestSuite.php(369): PHPUnit\Framework\TestCase->run()
#75 C:\Users\ismai\Downloads\STAJ22001\vendor\phpunit\phpunit\src\Framework\TestSuite.php(369): PHPUnit\Framework\TestSuite->run()
#76 C:\Users\ismai\Downloads\STAJ22001\vendor\phpunit\phpunit\src\Framework\TestSuite.php(369): PHPUnit\Framework\TestSuite->run()
#77 C:\Users\ismai\Downloads\STAJ22001\vendor\phpunit\phpunit\src\TextUI\TestRunner.php(62): PHPUnit\Framework\TestSuite->run()
#78 C:\Users\ismai\Downloads\STAJ22001\vendor\phpunit\phpunit\src\TextUI\Application.php(200): PHPUnit\TextUI\TestRunner->run(Object(PHPUnit\TextUI\Configuration\Configuration), Object(PHPUnit\Runner\ResultCache\DefaultResultCache), Object(PHPUnit\Framework\TestSuite))
#79 C:\Users\ismai\Downloads\STAJ22001\vendor\phpunit\phpunit\phpunit(104): PHPUnit\TextUI\Application->run(Array)
#80 C:\Users\ismai\Downloads\STAJ22001\vendor\bin\phpunit(122): include('C:\\Users\\ismai\\...')
#81 {main}

----------------------------------------------------------------------------------

Vite manifest not found at: C:\Users\ismai\Downloads\STAJ22001\public\build/manifest.json

C:\Users\ismai\Downloads\STAJ22001\vendor\laravel\framework\src\Illuminate\Testing\TestResponseAssert.php:45
C:\Users\ismai\Downloads\STAJ22001\vendor\laravel\framework\src\Illuminate\Testing\TestResponse.php:160
C:\Users\ismai\Downloads\STAJ22001\tests\Feature\Auth\EmailVerificationTest.php:24

4) Tests\Feature\Auth\PasswordConfirmationTest::test_confirm_password_screen_can_be_rendered
Expected response status code [200] but received 500.
Failed asserting that 500 is identical to 200.

The following exception occurred during the last request:

Illuminate\Foundation\ViteManifestNotFoundException: Vite manifest not found at: C:\Users\ismai\Downloads\STAJ22001\public\build/manifest.json in C:\Users\ismai\Downloads\STAJ22001\vendor\laravel\framework\src\Illuminate\Foundation\Vite.php:934
Stack trace:
#0 C:\Users\ismai\Downloads\STAJ22001\vendor\laravel\framework\src\Illuminate\Foundation\Vite.php(384): Illuminate\Foundation\Vite->manifest('build')
#1 C:\Users\ismai\Downloads\STAJ22001\storage\framework\views\869ce2f76426c7d8af5803caf56d46f2.php(15): Illuminate\Foundation\Vite->__invoke(Object(Illuminate\Support\Collection))
#2 C:\Users\ismai\Downloads\STAJ22001\vendor\laravel\framework\src\Illuminate\Filesystem\Filesystem.php(123): require('C:\\Users\\ismai\\...')
#3 C:\Users\ismai\Downloads\STAJ22001\vendor\laravel\framework\src\Illuminate\Filesystem\Filesystem.php(124): Illuminate\Filesystem\Filesystem::Illuminate\Filesystem\{closure}()
#4 C:\Users\ismai\Downloads\STAJ22001\vendor\laravel\framework\src\Illuminate\View\Engines\PhpEngine.php(58): Illuminate\Filesystem\Filesystem->getRequire('C:\\Users\\ismai\\...', Array)
#5 C:\Users\ismai\Downloads\STAJ22001\vendor\laravel\framework\src\Illuminate\View\Engines\CompilerEngine.php(74): Illuminate\View\Engines\PhpEngine->evaluatePath('C:\\Users\\ismai\\...', Array)
#6 C:\Users\ismai\Downloads\STAJ22001\vendor\laravel\framework\src\Illuminate\View\View.php(208): Illuminate\View\Engines\CompilerEngine->get('C:\\Users\\ismai\\...', Array)
#7 C:\Users\ismai\Downloads\STAJ22001\vendor\laravel\framework\src\Illuminate\View\View.php(191): Illuminate\View\View->getContents()
#8 C:\Users\ismai\Downloads\STAJ22001\vendor\laravel\framework\src\Illuminate\View\View.php(160): Illuminate\View\View->renderContents()
#9 C:\Users\ismai\Downloads\STAJ22001\vendor\laravel\framework\src\Illuminate\View\Concerns\ManagesComponents.php(99): Illuminate\View\View->render()
#10 C:\Users\ismai\Downloads\STAJ22001\storage\framework\views\fb80fb3897bdc3c7d65364b7e3465696.php(110): Illuminate\View\Factory->renderComponent()
#11 C:\Users\ismai\Downloads\STAJ22001\vendor\laravel\framework\src\Illuminate\Filesystem\Filesystem.php(123): require('C:\\Users\\ismai\\...')
#12 C:\Users\ismai\Downloads\STAJ22001\vendor\laravel\framework\src\Illuminate\Filesystem\Filesystem.php(124): Illuminate\Filesystem\Filesystem::Illuminate\Filesystem\{closure}()
#13 C:\Users\ismai\Downloads\STAJ22001\vendor\laravel\framework\src\Illuminate\View\Engines\PhpEngine.php(58): Illuminate\Filesystem\Filesystem->getRequire('C:\\Users\\ismai\\...', Array)
#14 C:\Users\ismai\Downloads\STAJ22001\vendor\laravel\framework\src\Illuminate\View\Engines\CompilerEngine.php(74): Illuminate\View\Engines\PhpEngine->evaluatePath('C:\\Users\\ismai\\...', Array)
#15 C:\Users\ismai\Downloads\STAJ22001\vendor\laravel\framework\src\Illuminate\View\View.php(208): Illuminate\View\Engines\CompilerEngine->get('C:\\Users\\ismai\\...', Array)
#16 C:\Users\ismai\Downloads\STAJ22001\vendor\laravel\framework\src\Illuminate\View\View.php(191): Illuminate\View\View->getContents()
#17 C:\Users\ismai\Downloads\STAJ22001\vendor\laravel\framework\src\Illuminate\View\View.php(160): Illuminate\View\View->renderContents()
#18 C:\Users\ismai\Downloads\STAJ22001\vendor\laravel\framework\src\Illuminate\Http\Response.php(70): Illuminate\View\View->render()
#19 C:\Users\ismai\Downloads\STAJ22001\vendor\laravel\framework\src\Illuminate\Http\Response.php(35): Illuminate\Http\Response->setContent(Object(Illuminate\View\View))
#20 C:\Users\ismai\Downloads\STAJ22001\vendor\laravel\framework\src\Illuminate\Routing\Router.php(920): Illuminate\Http\Response->__construct(Object(Illuminate\View\View), 200, Array)
#21 C:\Users\ismai\Downloads\STAJ22001\vendor\laravel\framework\src\Illuminate\Routing\Router.php(887): Illuminate\Routing\Router::toResponse(Object(Illuminate\Http\Request), Object(Illuminate\View\View))
#22 C:\Users\ismai\Downloads\STAJ22001\vendor\laravel\framework\src\Illuminate\Routing\Router.php(807): Illuminate\Routing\Router->prepareResponse(Object(Illuminate\Http\Request), Object(Illuminate\View\View))
#23 C:\Users\ismai\Downloads\STAJ22001\vendor\laravel\framework\src\Illuminate\Pipeline\Pipeline.php(144): Illuminate\Routing\Router->Illuminate\Routing\{closure}(Object(Illuminate\Http\Request))
#24 C:\Users\ismai\Downloads\STAJ22001\vendor\laravel\framework\src\Illuminate\Routing\Middleware\SubstituteBindings.php(51): Illuminate\Pipeline\Pipeline->Illuminate\Pipeline\{closure}(Object(Illuminate\Http\Request))
#25 C:\Users\ismai\Downloads\STAJ22001\vendor\laravel\framework\src\Illuminate\Pipeline\Pipeline.php(183): Illuminate\Routing\Middleware\SubstituteBindings->handle(Object(Illuminate\Http\Request), Object(Closure))
#26 C:\Users\ismai\Downloads\STAJ22001\vendor\laravel\framework\src\Illuminate\Auth\Middleware\Authenticate.php(64): Illuminate\Pipeline\Pipeline->Illuminate\Pipeline\{closure}(Object(Illuminate\Http\Request))
#27 C:\Users\ismai\Downloads\STAJ22001\vendor\laravel\framework\src\Illuminate\Pipeline\Pipeline.php(183): Illuminate\Auth\Middleware\Authenticate->handle(Object(Illuminate\Http\Request), Object(Closure))
#28 C:\Users\ismai\Downloads\STAJ22001\vendor\laravel\framework\src\Illuminate\Foundation\Http\Middleware\VerifyCsrfToken.php(88): Illuminate\Pipeline\Pipeline->Illuminate\Pipeline\{closure}(Object(Illuminate\Http\Request))
#29 C:\Users\ismai\Downloads\STAJ22001\vendor\laravel\framework\src\Illuminate\Pipeline\Pipeline.php(183): Illuminate\Foundation\Http\Middleware\VerifyCsrfToken->handle(Object(Illuminate\Http\Request), Object(Closure))
#30 C:\Users\ismai\Downloads\STAJ22001\vendor\laravel\framework\src\Illuminate\View\Middleware\ShareErrorsFromSession.php(49): Illuminate\Pipeline\Pipeline->Illuminate\Pipeline\{closure}(Object(Illuminate\Http\Request))
#31 C:\Users\ismai\Downloads\STAJ22001\vendor\laravel\framework\src\Illuminate\Pipeline\Pipeline.php(183): Illuminate\View\Middleware\ShareErrorsFromSession->handle(Object(Illuminate\Http\Request), Object(Closure))
#32 C:\Users\ismai\Downloads\STAJ22001\vendor\laravel\framework\src\Illuminate\Session\Middleware\StartSession.php(121): Illuminate\Pipeline\Pipeline->Illuminate\Pipeline\{closure}(Object(Illuminate\Http\Request))
#33 C:\Users\ismai\Downloads\STAJ22001\vendor\laravel\framework\src\Illuminate\Session\Middleware\StartSession.php(64): Illuminate\Session\Middleware\StartSession->handleStatefulRequest(Object(Illuminate\Http\Request), Object(Illuminate\Session\Store), Object(Closure))
#34 C:\Users\ismai\Downloads\STAJ22001\vendor\laravel\framework\src\Illuminate\Pipeline\Pipeline.php(183): Illuminate\Session\Middleware\StartSession->handle(Object(Illuminate\Http\Request), Object(Closure))
#35 C:\Users\ismai\Downloads\STAJ22001\vendor\laravel\framework\src\Illuminate\Cookie\Middleware\AddQueuedCookiesToResponse.php(37): Illuminate\Pipeline\Pipeline->Illuminate\Pipeline\{closure}(Object(Illuminate\Http\Request))
#36 C:\Users\ismai\Downloads\STAJ22001\vendor\laravel\framework\src\Illuminate\Pipeline\Pipeline.php(183): Illuminate\Cookie\Middleware\AddQueuedCookiesToResponse->handle(Object(Illuminate\Http\Request), Object(Closure))
#37 C:\Users\ismai\Downloads\STAJ22001\vendor\laravel\framework\src\Illuminate\Cookie\Middleware\EncryptCookies.php(75): Illuminate\Pipeline\Pipeline->Illuminate\Pipeline\{closure}(Object(Illuminate\Http\Request))
#38 C:\Users\ismai\Downloads\STAJ22001\vendor\laravel\framework\src\Illuminate\Pipeline\Pipeline.php(183): Illuminate\Cookie\Middleware\EncryptCookies->handle(Object(Illuminate\Http\Request), Object(Closure))
#39 C:\Users\ismai\Downloads\STAJ22001\vendor\laravel\framework\src\Illuminate\Pipeline\Pipeline.php(119): Illuminate\Pipeline\Pipeline->Illuminate\Pipeline\{closure}(Object(Illuminate\Http\Request))
#40 C:\Users\ismai\Downloads\STAJ22001\vendor\laravel\framework\src\Illuminate\Routing\Router.php(807): Illuminate\Pipeline\Pipeline->then(Object(Closure))
#41 C:\Users\ismai\Downloads\STAJ22001\vendor\laravel\framework\src\Illuminate\Routing\Router.php(786): Illuminate\Routing\Router->runRouteWithinStack(Object(Illuminate\Routing\Route), Object(Illuminate\Http\Request))
#42 C:\Users\ismai\Downloads\STAJ22001\vendor\laravel\framework\src\Illuminate\Routing\Router.php(750): Illuminate\Routing\Router->runRoute(Object(Illuminate\Http\Request), Object(Illuminate\Routing\Route))
#43 C:\Users\ismai\Downloads\STAJ22001\vendor\laravel\framework\src\Illuminate\Routing\Router.php(739): Illuminate\Routing\Router->dispatchToRoute(Object(Illuminate\Http\Request))
#44 C:\Users\ismai\Downloads\STAJ22001\vendor\laravel\framework\src\Illuminate\Foundation\Http\Kernel.php(201): Illuminate\Routing\Router->dispatch(Object(Illuminate\Http\Request))
#45 C:\Users\ismai\Downloads\STAJ22001\vendor\laravel\framework\src\Illuminate\Pipeline\Pipeline.php(144): Illuminate\Foundation\Http\Kernel->Illuminate\Foundation\Http\{closure}(Object(Illuminate\Http\Request))
#46 C:\Users\ismai\Downloads\STAJ22001\app\Http\Middleware\EnsureUserHasRole.php(41): Illuminate\Pipeline\Pipeline->Illuminate\Pipeline\{closure}(Object(Illuminate\Http\Request))
#47 C:\Users\ismai\Downloads\STAJ22001\vendor\laravel\framework\src\Illuminate\Pipeline\Pipeline.php(183): App\Http\Middleware\EnsureUserHasRole->handle(Object(Illuminate\Http\Request), Object(Closure))
#48 C:\Users\ismai\Downloads\STAJ22001\vendor\laravel\framework\src\Illuminate\Foundation\Http\Middleware\TransformsRequest.php(21): Illuminate\Pipeline\Pipeline->Illuminate\Pipeline\{closure}(Object(Illuminate\Http\Request))
#49 C:\Users\ismai\Downloads\STAJ22001\vendor\laravel\framework\src\Illuminate\Foundation\Http\Middleware\ConvertEmptyStringsToNull.php(31): Illuminate\Foundation\Http\Middleware\TransformsRequest->handle(Object(Illuminate\Http\Request), Object(Closure))
#50 C:\Users\ismai\Downloads\STAJ22001\vendor\laravel\framework\src\Illuminate\Pipeline\Pipeline.php(183): Illuminate\Foundation\Http\Middleware\ConvertEmptyStringsToNull->handle(Object(Illuminate\Http\Request), Object(Closure))
#51 C:\Users\ismai\Downloads\STAJ22001\vendor\laravel\framework\src\Illuminate\Foundation\Http\Middleware\TransformsRequest.php(21): Illuminate\Pipeline\Pipeline->Illuminate\Pipeline\{closure}(Object(Illuminate\Http\Request))
#52 C:\Users\ismai\Downloads\STAJ22001\vendor\laravel\framework\src\Illuminate\Foundation\Http\Middleware\TrimStrings.php(51): Illuminate\Foundation\Http\Middleware\TransformsRequest->handle(Object(Illuminate\Http\Request), Object(Closure))
#53 C:\Users\ismai\Downloads\STAJ22001\vendor\laravel\framework\src\Illuminate\Pipeline\Pipeline.php(183): Illuminate\Foundation\Http\Middleware\TrimStrings->handle(Object(Illuminate\Http\Request), Object(Closure))
#54 C:\Users\ismai\Downloads\STAJ22001\vendor\laravel\framework\src\Illuminate\Http\Middleware\ValidatePostSize.php(27): Illuminate\Pipeline\Pipeline->Illuminate\Pipeline\{closure}(Object(Illuminate\Http\Request))
#55 C:\Users\ismai\Downloads\STAJ22001\vendor\laravel\framework\src\Illuminate\Pipeline\Pipeline.php(183): Illuminate\Http\Middleware\ValidatePostSize->handle(Object(Illuminate\Http\Request), Object(Closure))
#56 C:\Users\ismai\Downloads\STAJ22001\vendor\laravel\framework\src\Illuminate\Foundation\Http\Middleware\PreventRequestsDuringMaintenance.php(110): Illuminate\Pipeline\Pipeline->Illuminate\Pipeline\{closure}(Object(Illuminate\Http\Request))
#57 C:\Users\ismai\Downloads\STAJ22001\vendor\laravel\framework\src\Illuminate\Pipeline\Pipeline.php(183): Illuminate\Foundation\Http\Middleware\PreventRequestsDuringMaintenance->handle(Object(Illuminate\Http\Request), Object(Closure))
#58 C:\Users\ismai\Downloads\STAJ22001\vendor\laravel\framework\src\Illuminate\Http\Middleware\HandleCors.php(49): Illuminate\Pipeline\Pipeline->Illuminate\Pipeline\{closure}(Object(Illuminate\Http\Request))
#59 C:\Users\ismai\Downloads\STAJ22001\vendor\laravel\framework\src\Illuminate\Pipeline\Pipeline.php(183): Illuminate\Http\Middleware\HandleCors->handle(Object(Illuminate\Http\Request), Object(Closure))
#60 C:\Users\ismai\Downloads\STAJ22001\vendor\laravel\framework\src\Illuminate\Http\Middleware\TrustProxies.php(58): Illuminate\Pipeline\Pipeline->Illuminate\Pipeline\{closure}(Object(Illuminate\Http\Request))
#61 C:\Users\ismai\Downloads\STAJ22001\vendor\laravel\framework\src\Illuminate\Pipeline\Pipeline.php(183): Illuminate\Http\Middleware\TrustProxies->handle(Object(Illuminate\Http\Request), Object(Closure))
#62 C:\Users\ismai\Downloads\STAJ22001\vendor\laravel\framework\src\Illuminate\Foundation\Http\Middleware\InvokeDeferredCallbacks.php(22): Illuminate\Pipeline\Pipeline->Illuminate\Pipeline\{closure}(Object(Illuminate\Http\Request))
#63 C:\Users\ismai\Downloads\STAJ22001\vendor\laravel\framework\src\Illuminate\Pipeline\Pipeline.php(183): Illuminate\Foundation\Http\Middleware\InvokeDeferredCallbacks->handle(Object(Illuminate\Http\Request), Object(Closure))
#64 C:\Users\ismai\Downloads\STAJ22001\vendor\laravel\framework\src\Illuminate\Pipeline\Pipeline.php(119): Illuminate\Pipeline\Pipeline->Illuminate\Pipeline\{closure}(Object(Illuminate\Http\Request))
#65 C:\Users\ismai\Downloads\STAJ22001\vendor\laravel\framework\src\Illuminate\Foundation\Http\Kernel.php(176): Illuminate\Pipeline\Pipeline->then(Object(Closure))
#66 C:\Users\ismai\Downloads\STAJ22001\vendor\laravel\framework\src\Illuminate\Foundation\Http\Kernel.php(145): Illuminate\Foundation\Http\Kernel->sendRequestThroughRouter(Object(Illuminate\Http\Request))
#67 C:\Users\ismai\Downloads\STAJ22001\vendor\laravel\framework\src\Illuminate\Foundation\Testing\Concerns\MakesHttpRequests.php(604): Illuminate\Foundation\Http\Kernel->handle(Object(Illuminate\Http\Request))
#68 C:\Users\ismai\Downloads\STAJ22001\vendor\laravel\framework\src\Illuminate\Foundation\Testing\Concerns\MakesHttpRequests.php(365): Illuminate\Foundation\Testing\TestCase->call('GET', '/confirm-passwo...', Array, Array, Array, Array)
#69 C:\Users\ismai\Downloads\STAJ22001\tests\Feature\Auth\PasswordConfirmationTest.php(17): Illuminate\Foundation\Testing\TestCase->get('/confirm-passwo...')
#70 C:\Users\ismai\Downloads\STAJ22001\vendor\phpunit\phpunit\src\Framework\TestCase.php(1173): Tests\Feature\Auth\PasswordConfirmationTest->test_confirm_password_screen_can_be_rendered()
#71 C:\Users\ismai\Downloads\STAJ22001\vendor\phpunit\phpunit\src\Framework\TestCase.php(482): PHPUnit\Framework\TestCase->runTest()
#72 C:\Users\ismai\Downloads\STAJ22001\vendor\phpunit\phpunit\src\Framework\TestRunner.php(98): PHPUnit\Framework\TestCase->runBare()
#73 C:\Users\ismai\Downloads\STAJ22001\vendor\phpunit\phpunit\src\Framework\TestCase.php(337): PHPUnit\Framework\TestRunner->run(Object(Tests\Feature\Auth\PasswordConfirmationTest))
#74 C:\Users\ismai\Downloads\STAJ22001\vendor\phpunit\phpunit\src\Framework\TestSuite.php(369): PHPUnit\Framework\TestCase->run()
#75 C:\Users\ismai\Downloads\STAJ22001\vendor\phpunit\phpunit\src\Framework\TestSuite.php(369): PHPUnit\Framework\TestSuite->run()
#76 C:\Users\ismai\Downloads\STAJ22001\vendor\phpunit\phpunit\src\Framework\TestSuite.php(369): PHPUnit\Framework\TestSuite->run()
#77 C:\Users\ismai\Downloads\STAJ22001\vendor\phpunit\phpunit\src\TextUI\TestRunner.php(62): PHPUnit\Framework\TestSuite->run()
#78 C:\Users\ismai\Downloads\STAJ22001\vendor\phpunit\phpunit\src\TextUI\Application.php(200): PHPUnit\TextUI\TestRunner->run(Object(PHPUnit\TextUI\Configuration\Configuration), Object(PHPUnit\Runner\ResultCache\DefaultResultCache), Object(PHPUnit\Framework\TestSuite))
#79 C:\Users\ismai\Downloads\STAJ22001\vendor\phpunit\phpunit\phpunit(104): PHPUnit\TextUI\Application->run(Array)
#80 C:\Users\ismai\Downloads\STAJ22001\vendor\bin\phpunit(122): include('C:\\Users\\ismai\\...')
#81 {main}

Next Spatie\LaravelIgnition\Exceptions\ViewException: Vite manifest not found at: C:\Users\ismai\Downloads\STAJ22001\public\build/manifest.json in C:\Users\ismai\Downloads\STAJ22001\vendor\laravel\framework\src\Illuminate\Foundation\Vite.php:934
Stack trace:
#0 C:\Users\ismai\Downloads\STAJ22001\vendor\laravel\framework\src\Illuminate\Foundation\Vite.php(384): Illuminate\Foundation\Vite->manifest('build')
#1 C:\Users\ismai\Downloads\STAJ22001\resources\views\layouts\guest.blade.php(15): Illuminate\Foundation\Vite->__invoke(Object(Illuminate\Support\Collection))
#2 C:\Users\ismai\Downloads\STAJ22001\vendor\laravel\framework\src\Illuminate\Filesystem\Filesystem.php(123): require('C:\\Users\\ismai\\...')
#3 C:\Users\ismai\Downloads\STAJ22001\vendor\laravel\framework\src\Illuminate\Filesystem\Filesystem.php(124): Illuminate\Filesystem\Filesystem::Illuminate\Filesystem\{closure}()
#4 C:\Users\ismai\Downloads\STAJ22001\vendor\laravel\framework\src\Illuminate\View\Engines\PhpEngine.php(58): Illuminate\Filesystem\Filesystem->getRequire('C:\\Users\\ismai\\...', Array)
#5 C:\Users\ismai\Downloads\STAJ22001\vendor\laravel\framework\src\Illuminate\View\Engines\CompilerEngine.php(74): Illuminate\View\Engines\PhpEngine->evaluatePath('C:\\Users\\ismai\\...', Array)
#6 C:\Users\ismai\Downloads\STAJ22001\vendor\laravel\framework\src\Illuminate\View\View.php(208): Illuminate\View\Engines\CompilerEngine->get('C:\\Users\\ismai\\...', Array)
#7 C:\Users\ismai\Downloads\STAJ22001\vendor\laravel\framework\src\Illuminate\View\View.php(191): Illuminate\View\View->getContents()
#8 C:\Users\ismai\Downloads\STAJ22001\vendor\laravel\framework\src\Illuminate\View\View.php(160): Illuminate\View\View->renderContents()
#9 C:\Users\ismai\Downloads\STAJ22001\vendor\laravel\framework\src\Illuminate\View\Concerns\ManagesComponents.php(99): Illuminate\View\View->render()
#10 C:\Users\ismai\Downloads\STAJ22001\resources\views\auth\confirm-password.blade.php(23): Illuminate\View\Factory->renderComponent()
#11 C:\Users\ismai\Downloads\STAJ22001\vendor\laravel\framework\src\Illuminate\Filesystem\Filesystem.php(123): require('C:\\Users\\ismai\\...')
#12 C:\Users\ismai\Downloads\STAJ22001\vendor\laravel\framework\src\Illuminate\Filesystem\Filesystem.php(124): Illuminate\Filesystem\Filesystem::Illuminate\Filesystem\{closure}()
#13 C:\Users\ismai\Downloads\STAJ22001\vendor\laravel\framework\src\Illuminate\View\Engines\PhpEngine.php(58): Illuminate\Filesystem\Filesystem->getRequire('C:\\Users\\ismai\\...', Array)
#14 C:\Users\ismai\Downloads\STAJ22001\vendor\laravel\framework\src\Illuminate\View\Engines\CompilerEngine.php(74): Illuminate\View\Engines\PhpEngine->evaluatePath('C:\\Users\\ismai\\...', Array)
#15 C:\Users\ismai\Downloads\STAJ22001\vendor\laravel\framework\src\Illuminate\View\View.php(208): Illuminate\View\Engines\CompilerEngine->get('C:\\Users\\ismai\\...', Array)
#16 C:\Users\ismai\Downloads\STAJ22001\vendor\laravel\framework\src\Illuminate\View\View.php(191): Illuminate\View\View->getContents()
#17 C:\Users\ismai\Downloads\STAJ22001\vendor\laravel\framework\src\Illuminate\View\View.php(160): Illuminate\View\View->renderContents()
#18 C:\Users\ismai\Downloads\STAJ22001\vendor\laravel\framework\src\Illuminate\Http\Response.php(70): Illuminate\View\View->render()
#19 C:\Users\ismai\Downloads\STAJ22001\vendor\laravel\framework\src\Illuminate\Http\Response.php(35): Illuminate\Http\Response->setContent(Object(Illuminate\View\View))
#20 C:\Users\ismai\Downloads\STAJ22001\vendor\laravel\framework\src\Illuminate\Routing\Router.php(920): Illuminate\Http\Response->__construct(Object(Illuminate\View\View), 200, Array)
#21 C:\Users\ismai\Downloads\STAJ22001\vendor\laravel\framework\src\Illuminate\Routing\Router.php(887): Illuminate\Routing\Router::toResponse(Object(Illuminate\Http\Request), Object(Illuminate\View\View))
#22 C:\Users\ismai\Downloads\STAJ22001\vendor\laravel\framework\src\Illuminate\Routing\Router.php(807): Illuminate\Routing\Router->prepareResponse(Object(Illuminate\Http\Request), Object(Illuminate\View\View))
#23 C:\Users\ismai\Downloads\STAJ22001\vendor\laravel\framework\src\Illuminate\Pipeline\Pipeline.php(144): Illuminate\Routing\Router->Illuminate\Routing\{closure}(Object(Illuminate\Http\Request))
#24 C:\Users\ismai\Downloads\STAJ22001\vendor\laravel\framework\src\Illuminate\Routing\Middleware\SubstituteBindings.php(51): Illuminate\Pipeline\Pipeline->Illuminate\Pipeline\{closure}(Object(Illuminate\Http\Request))
#25 C:\Users\ismai\Downloads\STAJ22001\vendor\laravel\framework\src\Illuminate\Pipeline\Pipeline.php(183): Illuminate\Routing\Middleware\SubstituteBindings->handle(Object(Illuminate\Http\Request), Object(Closure))
#26 C:\Users\ismai\Downloads\STAJ22001\vendor\laravel\framework\src\Illuminate\Auth\Middleware\Authenticate.php(64): Illuminate\Pipeline\Pipeline->Illuminate\Pipeline\{closure}(Object(Illuminate\Http\Request))
#27 C:\Users\ismai\Downloads\STAJ22001\vendor\laravel\framework\src\Illuminate\Pipeline\Pipeline.php(183): Illuminate\Auth\Middleware\Authenticate->handle(Object(Illuminate\Http\Request), Object(Closure))
#28 C:\Users\ismai\Downloads\STAJ22001\vendor\laravel\framework\src\Illuminate\Foundation\Http\Middleware\VerifyCsrfToken.php(88): Illuminate\Pipeline\Pipeline->Illuminate\Pipeline\{closure}(Object(Illuminate\Http\Request))
#29 C:\Users\ismai\Downloads\STAJ22001\vendor\laravel\framework\src\Illuminate\Pipeline\Pipeline.php(183): Illuminate\Foundation\Http\Middleware\VerifyCsrfToken->handle(Object(Illuminate\Http\Request), Object(Closure))
#30 C:\Users\ismai\Downloads\STAJ22001\vendor\laravel\framework\src\Illuminate\View\Middleware\ShareErrorsFromSession.php(49): Illuminate\Pipeline\Pipeline->Illuminate\Pipeline\{closure}(Object(Illuminate\Http\Request))
#31 C:\Users\ismai\Downloads\STAJ22001\vendor\laravel\framework\src\Illuminate\Pipeline\Pipeline.php(183): Illuminate\View\Middleware\ShareErrorsFromSession->handle(Object(Illuminate\Http\Request), Object(Closure))
#32 C:\Users\ismai\Downloads\STAJ22001\vendor\laravel\framework\src\Illuminate\Session\Middleware\StartSession.php(121): Illuminate\Pipeline\Pipeline->Illuminate\Pipeline\{closure}(Object(Illuminate\Http\Request))
#33 C:\Users\ismai\Downloads\STAJ22001\vendor\laravel\framework\src\Illuminate\Session\Middleware\StartSession.php(64): Illuminate\Session\Middleware\StartSession->handleStatefulRequest(Object(Illuminate\Http\Request), Object(Illuminate\Session\Store), Object(Closure))
#34 C:\Users\ismai\Downloads\STAJ22001\vendor\laravel\framework\src\Illuminate\Pipeline\Pipeline.php(183): Illuminate\Session\Middleware\StartSession->handle(Object(Illuminate\Http\Request), Object(Closure))
#35 C:\Users\ismai\Downloads\STAJ22001\vendor\laravel\framework\src\Illuminate\Cookie\Middleware\AddQueuedCookiesToResponse.php(37): Illuminate\Pipeline\Pipeline->Illuminate\Pipeline\{closure}(Object(Illuminate\Http\Request))
#36 C:\Users\ismai\Downloads\STAJ22001\vendor\laravel\framework\src\Illuminate\Pipeline\Pipeline.php(183): Illuminate\Cookie\Middleware\AddQueuedCookiesToResponse->handle(Object(Illuminate\Http\Request), Object(Closure))
#37 C:\Users\ismai\Downloads\STAJ22001\vendor\laravel\framework\src\Illuminate\Cookie\Middleware\EncryptCookies.php(75): Illuminate\Pipeline\Pipeline->Illuminate\Pipeline\{closure}(Object(Illuminate\Http\Request))
#38 C:\Users\ismai\Downloads\STAJ22001\vendor\laravel\framework\src\Illuminate\Pipeline\Pipeline.php(183): Illuminate\Cookie\Middleware\EncryptCookies->handle(Object(Illuminate\Http\Request), Object(Closure))
#39 C:\Users\ismai\Downloads\STAJ22001\vendor\laravel\framework\src\Illuminate\Pipeline\Pipeline.php(119): Illuminate\Pipeline\Pipeline->Illuminate\Pipeline\{closure}(Object(Illuminate\Http\Request))
#40 C:\Users\ismai\Downloads\STAJ22001\vendor\laravel\framework\src\Illuminate\Routing\Router.php(807): Illuminate\Pipeline\Pipeline->then(Object(Closure))
#41 C:\Users\ismai\Downloads\STAJ22001\vendor\laravel\framework\src\Illuminate\Routing\Router.php(786): Illuminate\Routing\Router->runRouteWithinStack(Object(Illuminate\Routing\Route), Object(Illuminate\Http\Request))
#42 C:\Users\ismai\Downloads\STAJ22001\vendor\laravel\framework\src\Illuminate\Routing\Router.php(750): Illuminate\Routing\Router->runRoute(Object(Illuminate\Http\Request), Object(Illuminate\Routing\Route))
#43 C:\Users\ismai\Downloads\STAJ22001\vendor\laravel\framework\src\Illuminate\Routing\Router.php(739): Illuminate\Routing\Router->dispatchToRoute(Object(Illuminate\Http\Request))
#44 C:\Users\ismai\Downloads\STAJ22001\vendor\laravel\framework\src\Illuminate\Foundation\Http\Kernel.php(201): Illuminate\Routing\Router->dispatch(Object(Illuminate\Http\Request))
#45 C:\Users\ismai\Downloads\STAJ22001\vendor\laravel\framework\src\Illuminate\Pipeline\Pipeline.php(144): Illuminate\Foundation\Http\Kernel->Illuminate\Foundation\Http\{closure}(Object(Illuminate\Http\Request))
#46 C:\Users\ismai\Downloads\STAJ22001\app\Http\Middleware\EnsureUserHasRole.php(41): Illuminate\Pipeline\Pipeline->Illuminate\Pipeline\{closure}(Object(Illuminate\Http\Request))
#47 C:\Users\ismai\Downloads\STAJ22001\vendor\laravel\framework\src\Illuminate\Pipeline\Pipeline.php(183): App\Http\Middleware\EnsureUserHasRole->handle(Object(Illuminate\Http\Request), Object(Closure))
#48 C:\Users\ismai\Downloads\STAJ22001\vendor\laravel\framework\src\Illuminate\Foundation\Http\Middleware\TransformsRequest.php(21): Illuminate\Pipeline\Pipeline->Illuminate\Pipeline\{closure}(Object(Illuminate\Http\Request))
#49 C:\Users\ismai\Downloads\STAJ22001\vendor\laravel\framework\src\Illuminate\Foundation\Http\Middleware\ConvertEmptyStringsToNull.php(31): Illuminate\Foundation\Http\Middleware\TransformsRequest->handle(Object(Illuminate\Http\Request), Object(Closure))
#50 C:\Users\ismai\Downloads\STAJ22001\vendor\laravel\framework\src\Illuminate\Pipeline\Pipeline.php(183): Illuminate\Foundation\Http\Middleware\ConvertEmptyStringsToNull->handle(Object(Illuminate\Http\Request), Object(Closure))
#51 C:\Users\ismai\Downloads\STAJ22001\vendor\laravel\framework\src\Illuminate\Foundation\Http\Middleware\TransformsRequest.php(21): Illuminate\Pipeline\Pipeline->Illuminate\Pipeline\{closure}(Object(Illuminate\Http\Request))
#52 C:\Users\ismai\Downloads\STAJ22001\vendor\laravel\framework\src\Illuminate\Foundation\Http\Middleware\TrimStrings.php(51): Illuminate\Foundation\Http\Middleware\TransformsRequest->handle(Object(Illuminate\Http\Request), Object(Closure))
#53 C:\Users\ismai\Downloads\STAJ22001\vendor\laravel\framework\src\Illuminate\Pipeline\Pipeline.php(183): Illuminate\Foundation\Http\Middleware\TrimStrings->handle(Object(Illuminate\Http\Request), Object(Closure))
#54 C:\Users\ismai\Downloads\STAJ22001\vendor\laravel\framework\src\Illuminate\Http\Middleware\ValidatePostSize.php(27): Illuminate\Pipeline\Pipeline->Illuminate\Pipeline\{closure}(Object(Illuminate\Http\Request))
#55 C:\Users\ismai\Downloads\STAJ22001\vendor\laravel\framework\src\Illuminate\Pipeline\Pipeline.php(183): Illuminate\Http\Middleware\ValidatePostSize->handle(Object(Illuminate\Http\Request), Object(Closure))
#56 C:\Users\ismai\Downloads\STAJ22001\vendor\laravel\framework\src\Illuminate\Foundation\Http\Middleware\PreventRequestsDuringMaintenance.php(110): Illuminate\Pipeline\Pipeline->Illuminate\Pipeline\{closure}(Object(Illuminate\Http\Request))
#57 C:\Users\ismai\Downloads\STAJ22001\vendor\laravel\framework\src\Illuminate\Pipeline\Pipeline.php(183): Illuminate\Foundation\Http\Middleware\PreventRequestsDuringMaintenance->handle(Object(Illuminate\Http\Request), Object(Closure))
#58 C:\Users\ismai\Downloads\STAJ22001\vendor\laravel\framework\src\Illuminate\Http\Middleware\HandleCors.php(49): Illuminate\Pipeline\Pipeline->Illuminate\Pipeline\{closure}(Object(Illuminate\Http\Request))
#59 C:\Users\ismai\Downloads\STAJ22001\vendor\laravel\framework\src\Illuminate\Pipeline\Pipeline.php(183): Illuminate\Http\Middleware\HandleCors->handle(Object(Illuminate\Http\Request), Object(Closure))
#60 C:\Users\ismai\Downloads\STAJ22001\vendor\laravel\framework\src\Illuminate\Http\Middleware\TrustProxies.php(58): Illuminate\Pipeline\Pipeline->Illuminate\Pipeline\{closure}(Object(Illuminate\Http\Request))
#61 C:\Users\ismai\Downloads\STAJ22001\vendor\laravel\framework\src\Illuminate\Pipeline\Pipeline.php(183): Illuminate\Http\Middleware\TrustProxies->handle(Object(Illuminate\Http\Request), Object(Closure))
#62 C:\Users\ismai\Downloads\STAJ22001\vendor\laravel\framework\src\Illuminate\Foundation\Http\Middleware\InvokeDeferredCallbacks.php(22): Illuminate\Pipeline\Pipeline->Illuminate\Pipeline\{closure}(Object(Illuminate\Http\Request))
#63 C:\Users\ismai\Downloads\STAJ22001\vendor\laravel\framework\src\Illuminate\Pipeline\Pipeline.php(183): Illuminate\Foundation\Http\Middleware\InvokeDeferredCallbacks->handle(Object(Illuminate\Http\Request), Object(Closure))
#64 C:\Users\ismai\Downloads\STAJ22001\vendor\laravel\framework\src\Illuminate\Pipeline\Pipeline.php(119): Illuminate\Pipeline\Pipeline->Illuminate\Pipeline\{closure}(Object(Illuminate\Http\Request))
#65 C:\Users\ismai\Downloads\STAJ22001\vendor\laravel\framework\src\Illuminate\Foundation\Http\Kernel.php(176): Illuminate\Pipeline\Pipeline->then(Object(Closure))
#66 C:\Users\ismai\Downloads\STAJ22001\vendor\laravel\framework\src\Illuminate\Foundation\Http\Kernel.php(145): Illuminate\Foundation\Http\Kernel->sendRequestThroughRouter(Object(Illuminate\Http\Request))
#67 C:\Users\ismai\Downloads\STAJ22001\vendor\laravel\framework\src\Illuminate\Foundation\Testing\Concerns\MakesHttpRequests.php(604): Illuminate\Foundation\Http\Kernel->handle(Object(Illuminate\Http\Request))
#68 C:\Users\ismai\Downloads\STAJ22001\vendor\laravel\framework\src\Illuminate\Foundation\Testing\Concerns\MakesHttpRequests.php(365): Illuminate\Foundation\Testing\TestCase->call('GET', '/confirm-passwo...', Array, Array, Array, Array)
#69 C:\Users\ismai\Downloads\STAJ22001\tests\Feature\Auth\PasswordConfirmationTest.php(17): Illuminate\Foundation\Testing\TestCase->get('/confirm-passwo...')
#70 C:\Users\ismai\Downloads\STAJ22001\vendor\phpunit\phpunit\src\Framework\TestCase.php(1173): Tests\Feature\Auth\PasswordConfirmationTest->test_confirm_password_screen_can_be_rendered()
#71 C:\Users\ismai\Downloads\STAJ22001\vendor\phpunit\phpunit\src\Framework\TestCase.php(482): PHPUnit\Framework\TestCase->runTest()
#72 C:\Users\ismai\Downloads\STAJ22001\vendor\phpunit\phpunit\src\Framework\TestRunner.php(98): PHPUnit\Framework\TestCase->runBare()
#73 C:\Users\ismai\Downloads\STAJ22001\vendor\phpunit\phpunit\src\Framework\TestCase.php(337): PHPUnit\Framework\TestRunner->run(Object(Tests\Feature\Auth\PasswordConfirmationTest))
#74 C:\Users\ismai\Downloads\STAJ22001\vendor\phpunit\phpunit\src\Framework\TestSuite.php(369): PHPUnit\Framework\TestCase->run()
#75 C:\Users\ismai\Downloads\STAJ22001\vendor\phpunit\phpunit\src\Framework\TestSuite.php(369): PHPUnit\Framework\TestSuite->run()
#76 C:\Users\ismai\Downloads\STAJ22001\vendor\phpunit\phpunit\src\Framework\TestSuite.php(369): PHPUnit\Framework\TestSuite->run()
#77 C:\Users\ismai\Downloads\STAJ22001\vendor\phpunit\phpunit\src\TextUI\TestRunner.php(62): PHPUnit\Framework\TestSuite->run()
#78 C:\Users\ismai\Downloads\STAJ22001\vendor\phpunit\phpunit\src\TextUI\Application.php(200): PHPUnit\TextUI\TestRunner->run(Object(PHPUnit\TextUI\Configuration\Configuration), Object(PHPUnit\Runner\ResultCache\DefaultResultCache), Object(PHPUnit\Framework\TestSuite))
#79 C:\Users\ismai\Downloads\STAJ22001\vendor\phpunit\phpunit\phpunit(104): PHPUnit\TextUI\Application->run(Array)
#80 C:\Users\ismai\Downloads\STAJ22001\vendor\bin\phpunit(122): include('C:\\Users\\ismai\\...')
#81 {main}

----------------------------------------------------------------------------------

Vite manifest not found at: C:\Users\ismai\Downloads\STAJ22001\public\build/manifest.json

C:\Users\ismai\Downloads\STAJ22001\vendor\laravel\framework\src\Illuminate\Testing\TestResponseAssert.php:45
C:\Users\ismai\Downloads\STAJ22001\vendor\laravel\framework\src\Illuminate\Testing\TestResponse.php:160
C:\Users\ismai\Downloads\STAJ22001\tests\Feature\Auth\PasswordConfirmationTest.php:19

5) Tests\Feature\Auth\PasswordResetTest::test_reset_password_link_screen_can_be_rendered
Expected response status code [200] but received 302.
Failed asserting that 302 is identical to 200.

C:\Users\ismai\Downloads\STAJ22001\vendor\laravel\framework\src\Illuminate\Testing\TestResponseAssert.php:45
C:\Users\ismai\Downloads\STAJ22001\vendor\laravel\framework\src\Illuminate\Testing\TestResponse.php:160
C:\Users\ismai\Downloads\STAJ22001\tests\Feature\Auth\PasswordResetTest.php:19

6) Tests\Feature\Auth\PasswordResetTest::test_reset_password_link_can_be_requested
The expected [Illuminate\Auth\Notifications\ResetPassword] notification was not sent.
Failed asserting that false is true.

C:\Users\ismai\Downloads\STAJ22001\vendor\laravel\framework\src\Illuminate\Support\Testing\Fakes\NotificationFake.php:89
C:\Users\ismai\Downloads\STAJ22001\vendor\laravel\framework\src\Illuminate\Support\Facades\Facade.php:358
C:\Users\ismai\Downloads\STAJ22001\tests\Feature\Auth\PasswordResetTest.php:30

7) Tests\Feature\Auth\PasswordResetTest::test_reset_password_screen_can_be_rendered
The expected [Illuminate\Auth\Notifications\ResetPassword] notification was not sent.
Failed asserting that false is true.

C:\Users\ismai\Downloads\STAJ22001\vendor\laravel\framework\src\Illuminate\Support\Testing\Fakes\NotificationFake.php:89
C:\Users\ismai\Downloads\STAJ22001\vendor\laravel\framework\src\Illuminate\Support\Facades\Facade.php:358
C:\Users\ismai\Downloads\STAJ22001\tests\Feature\Auth\PasswordResetTest.php:41

8) Tests\Feature\Auth\PasswordResetTest::test_password_can_be_reset_with_valid_token
The expected [Illuminate\Auth\Notifications\ResetPassword] notification was not sent.
Failed asserting that false is true.

C:\Users\ismai\Downloads\STAJ22001\vendor\laravel\framework\src\Illuminate\Support\Testing\Fakes\NotificationFake.php:89
C:\Users\ismai\Downloads\STAJ22001\vendor\laravel\framework\src\Illuminate\Support\Facades\Facade.php:358
C:\Users\ismai\Downloads\STAJ22001\tests\Feature\Auth\PasswordResetTest.php:58

9) Tests\Feature\Auth\RegistrationTest::test_registration_screen_can_be_rendered
Expected response status code [200] but received 302.
Failed asserting that 302 is identical to 200.

C:\Users\ismai\Downloads\STAJ22001\vendor\laravel\framework\src\Illuminate\Testing\TestResponseAssert.php:45
C:\Users\ismai\Downloads\STAJ22001\vendor\laravel\framework\src\Illuminate\Testing\TestResponse.php:160
C:\Users\ismai\Downloads\STAJ22001\tests\Feature\Auth\RegistrationTest.php:16

10) Tests\Feature\Auth\RegistrationTest::test_new_users_can_register
The user is not authenticated
Failed asserting that false is true.

C:\Users\ismai\Downloads\STAJ22001\vendor\laravel\framework\src\Illuminate\Foundation\Testing\Concerns\InteractsWithAuthentication.php:49
C:\Users\ismai\Downloads\STAJ22001\tests\Feature\Auth\RegistrationTest.php:28

11) Tests\Feature\ExampleTest::test_the_application_returns_a_successful_response
Expected response status code [200] but received 302.
Failed asserting that 302 is identical to 200.

C:\Users\ismai\Downloads\STAJ22001\vendor\laravel\framework\src\Illuminate\Testing\TestResponseAssert.php:45
C:\Users\ismai\Downloads\STAJ22001\vendor\laravel\framework\src\Illuminate\Testing\TestResponse.php:160
C:\Users\ismai\Downloads\STAJ22001\tests\Feature\ExampleTest.php:17

12) Tests\Feature\ProfileTest::test_profile_page_is_displayed
Expected response status code [200] but received 500.
Failed asserting that 500 is identical to 200.

The following exception occurred during the last request:

Illuminate\Foundation\ViteManifestNotFoundException: Vite manifest not found at: C:\Users\ismai\Downloads\STAJ22001\public\build/manifest.json in C:\Users\ismai\Downloads\STAJ22001\vendor\laravel\framework\src\Illuminate\Foundation\Vite.php:934
Stack trace:
#0 C:\Users\ismai\Downloads\STAJ22001\vendor\laravel\framework\src\Illuminate\Foundation\Vite.php(384): Illuminate\Foundation\Vite->manifest('build')
#1 C:\Users\ismai\Downloads\STAJ22001\storage\framework\views\ee283d997ead61083883f42b8fe37f5f.php(7): Illuminate\Foundation\Vite->__invoke(Object(Illuminate\Support\Collection))
#2 C:\Users\ismai\Downloads\STAJ22001\vendor\laravel\framework\src\Illuminate\Filesystem\Filesystem.php(123): require('C:\\Users\\ismai\\...')
#3 C:\Users\ismai\Downloads\STAJ22001\vendor\laravel\framework\src\Illuminate\Filesystem\Filesystem.php(124): Illuminate\Filesystem\Filesystem::Illuminate\Filesystem\{closure}()
#4 C:\Users\ismai\Downloads\STAJ22001\vendor\laravel\framework\src\Illuminate\View\Engines\PhpEngine.php(58): Illuminate\Filesystem\Filesystem->getRequire('C:\\Users\\ismai\\...', Array)
#5 C:\Users\ismai\Downloads\STAJ22001\vendor\laravel\framework\src\Illuminate\View\Engines\CompilerEngine.php(74): Illuminate\View\Engines\PhpEngine->evaluatePath('C:\\Users\\ismai\\...', Array)
#6 C:\Users\ismai\Downloads\STAJ22001\vendor\laravel\framework\src\Illuminate\View\View.php(208): Illuminate\View\Engines\CompilerEngine->get('C:\\Users\\ismai\\...', Array)
#7 C:\Users\ismai\Downloads\STAJ22001\vendor\laravel\framework\src\Illuminate\View\View.php(191): Illuminate\View\View->getContents()
#8 C:\Users\ismai\Downloads\STAJ22001\vendor\laravel\framework\src\Illuminate\View\View.php(160): Illuminate\View\View->renderContents()
#9 C:\Users\ismai\Downloads\STAJ22001\storage\framework\views\e0413baea1eb432f47ae975b191bb984.php(36): Illuminate\View\View->render()
#10 C:\Users\ismai\Downloads\STAJ22001\vendor\laravel\framework\src\Illuminate\Filesystem\Filesystem.php(123): require('C:\\Users\\ismai\\...')
#11 C:\Users\ismai\Downloads\STAJ22001\vendor\laravel\framework\src\Illuminate\Filesystem\Filesystem.php(124): Illuminate\Filesystem\Filesystem::Illuminate\Filesystem\{closure}()
#12 C:\Users\ismai\Downloads\STAJ22001\vendor\laravel\framework\src\Illuminate\View\Engines\PhpEngine.php(58): Illuminate\Filesystem\Filesystem->getRequire('C:\\Users\\ismai\\...', Array)
#13 C:\Users\ismai\Downloads\STAJ22001\vendor\laravel\framework\src\Illuminate\View\Engines\CompilerEngine.php(74): Illuminate\View\Engines\PhpEngine->evaluatePath('C:\\Users\\ismai\\...', Array)
#14 C:\Users\ismai\Downloads\STAJ22001\vendor\laravel\framework\src\Illuminate\View\View.php(208): Illuminate\View\Engines\CompilerEngine->get('C:\\Users\\ismai\\...', Array)
#15 C:\Users\ismai\Downloads\STAJ22001\vendor\laravel\framework\src\Illuminate\View\View.php(191): Illuminate\View\View->getContents()
#16 C:\Users\ismai\Downloads\STAJ22001\vendor\laravel\framework\src\Illuminate\View\View.php(160): Illuminate\View\View->renderContents()
#17 C:\Users\ismai\Downloads\STAJ22001\vendor\laravel\framework\src\Illuminate\Http\Response.php(70): Illuminate\View\View->render()
#18 C:\Users\ismai\Downloads\STAJ22001\vendor\laravel\framework\src\Illuminate\Http\Response.php(35): Illuminate\Http\Response->setContent(Object(Illuminate\View\View))
#19 C:\Users\ismai\Downloads\STAJ22001\vendor\laravel\framework\src\Illuminate\Routing\Router.php(920): Illuminate\Http\Response->__construct(Object(Illuminate\View\View), 200, Array)
#20 C:\Users\ismai\Downloads\STAJ22001\vendor\laravel\framework\src\Illuminate\Routing\Router.php(887): Illuminate\Routing\Router::toResponse(Object(Illuminate\Http\Request), Object(Illuminate\View\View))
#21 C:\Users\ismai\Downloads\STAJ22001\vendor\laravel\framework\src\Illuminate\Routing\Router.php(807): Illuminate\Routing\Router->prepareResponse(Object(Illuminate\Http\Request), Object(Illuminate\View\View))
#22 C:\Users\ismai\Downloads\STAJ22001\vendor\laravel\framework\src\Illuminate\Pipeline\Pipeline.php(144): Illuminate\Routing\Router->Illuminate\Routing\{closure}(Object(Illuminate\Http\Request))
#23 C:\Users\ismai\Downloads\STAJ22001\vendor\laravel\framework\src\Illuminate\Routing\Middleware\SubstituteBindings.php(51): Illuminate\Pipeline\Pipeline->Illuminate\Pipeline\{closure}(Object(Illuminate\Http\Request))
#24 C:\Users\ismai\Downloads\STAJ22001\vendor\laravel\framework\src\Illuminate\Pipeline\Pipeline.php(183): Illuminate\Routing\Middleware\SubstituteBindings->handle(Object(Illuminate\Http\Request), Object(Closure))
#25 C:\Users\ismai\Downloads\STAJ22001\vendor\laravel\framework\src\Illuminate\Auth\Middleware\Authenticate.php(64): Illuminate\Pipeline\Pipeline->Illuminate\Pipeline\{closure}(Object(Illuminate\Http\Request))
#26 C:\Users\ismai\Downloads\STAJ22001\vendor\laravel\framework\src\Illuminate\Pipeline\Pipeline.php(183): Illuminate\Auth\Middleware\Authenticate->handle(Object(Illuminate\Http\Request), Object(Closure))
#27 C:\Users\ismai\Downloads\STAJ22001\vendor\laravel\framework\src\Illuminate\Foundation\Http\Middleware\VerifyCsrfToken.php(88): Illuminate\Pipeline\Pipeline->Illuminate\Pipeline\{closure}(Object(Illuminate\Http\Request))
#28 C:\Users\ismai\Downloads\STAJ22001\vendor\laravel\framework\src\Illuminate\Pipeline\Pipeline.php(183): Illuminate\Foundation\Http\Middleware\VerifyCsrfToken->handle(Object(Illuminate\Http\Request), Object(Closure))
#29 C:\Users\ismai\Downloads\STAJ22001\vendor\laravel\framework\src\Illuminate\View\Middleware\ShareErrorsFromSession.php(49): Illuminate\Pipeline\Pipeline->Illuminate\Pipeline\{closure}(Object(Illuminate\Http\Request))
#30 C:\Users\ismai\Downloads\STAJ22001\vendor\laravel\framework\src\Illuminate\Pipeline\Pipeline.php(183): Illuminate\View\Middleware\ShareErrorsFromSession->handle(Object(Illuminate\Http\Request), Object(Closure))
#31 C:\Users\ismai\Downloads\STAJ22001\vendor\laravel\framework\src\Illuminate\Session\Middleware\StartSession.php(121): Illuminate\Pipeline\Pipeline->Illuminate\Pipeline\{closure}(Object(Illuminate\Http\Request))
#32 C:\Users\ismai\Downloads\STAJ22001\vendor\laravel\framework\src\Illuminate\Session\Middleware\StartSession.php(64): Illuminate\Session\Middleware\StartSession->handleStatefulRequest(Object(Illuminate\Http\Request), Object(Illuminate\Session\Store), Object(Closure))
#33 C:\Users\ismai\Downloads\STAJ22001\vendor\laravel\framework\src\Illuminate\Pipeline\Pipeline.php(183): Illuminate\Session\Middleware\StartSession->handle(Object(Illuminate\Http\Request), Object(Closure))
#34 C:\Users\ismai\Downloads\STAJ22001\vendor\laravel\framework\src\Illuminate\Cookie\Middleware\AddQueuedCookiesToResponse.php(37): Illuminate\Pipeline\Pipeline->Illuminate\Pipeline\{closure}(Object(Illuminate\Http\Request))
#35 C:\Users\ismai\Downloads\STAJ22001\vendor\laravel\framework\src\Illuminate\Pipeline\Pipeline.php(183): Illuminate\Cookie\Middleware\AddQueuedCookiesToResponse->handle(Object(Illuminate\Http\Request), Object(Closure))
#36 C:\Users\ismai\Downloads\STAJ22001\vendor\laravel\framework\src\Illuminate\Cookie\Middleware\EncryptCookies.php(75): Illuminate\Pipeline\Pipeline->Illuminate\Pipeline\{closure}(Object(Illuminate\Http\Request))
#37 C:\Users\ismai\Downloads\STAJ22001\vendor\laravel\framework\src\Illuminate\Pipeline\Pipeline.php(183): Illuminate\Cookie\Middleware\EncryptCookies->handle(Object(Illuminate\Http\Request), Object(Closure))
#38 C:\Users\ismai\Downloads\STAJ22001\vendor\laravel\framework\src\Illuminate\Pipeline\Pipeline.php(119): Illuminate\Pipeline\Pipeline->Illuminate\Pipeline\{closure}(Object(Illuminate\Http\Request))
#39 C:\Users\ismai\Downloads\STAJ22001\vendor\laravel\framework\src\Illuminate\Routing\Router.php(807): Illuminate\Pipeline\Pipeline->then(Object(Closure))
#40 C:\Users\ismai\Downloads\STAJ22001\vendor\laravel\framework\src\Illuminate\Routing\Router.php(786): Illuminate\Routing\Router->runRouteWithinStack(Object(Illuminate\Routing\Route), Object(Illuminate\Http\Request))
#41 C:\Users\ismai\Downloads\STAJ22001\vendor\laravel\framework\src\Illuminate\Routing\Router.php(750): Illuminate\Routing\Router->runRoute(Object(Illuminate\Http\Request), Object(Illuminate\Routing\Route))
#42 C:\Users\ismai\Downloads\STAJ22001\vendor\laravel\framework\src\Illuminate\Routing\Router.php(739): Illuminate\Routing\Router->dispatchToRoute(Object(Illuminate\Http\Request))
#43 C:\Users\ismai\Downloads\STAJ22001\vendor\laravel\framework\src\Illuminate\Foundation\Http\Kernel.php(201): Illuminate\Routing\Router->dispatch(Object(Illuminate\Http\Request))
#44 C:\Users\ismai\Downloads\STAJ22001\vendor\laravel\framework\src\Illuminate\Pipeline\Pipeline.php(144): Illuminate\Foundation\Http\Kernel->Illuminate\Foundation\Http\{closure}(Object(Illuminate\Http\Request))
#45 C:\Users\ismai\Downloads\STAJ22001\app\Http\Middleware\EnsureUserHasRole.php(41): Illuminate\Pipeline\Pipeline->Illuminate\Pipeline\{closure}(Object(Illuminate\Http\Request))
#46 C:\Users\ismai\Downloads\STAJ22001\vendor\laravel\framework\src\Illuminate\Pipeline\Pipeline.php(183): App\Http\Middleware\EnsureUserHasRole->handle(Object(Illuminate\Http\Request), Object(Closure))
#47 C:\Users\ismai\Downloads\STAJ22001\vendor\laravel\framework\src\Illuminate\Foundation\Http\Middleware\TransformsRequest.php(21): Illuminate\Pipeline\Pipeline->Illuminate\Pipeline\{closure}(Object(Illuminate\Http\Request))
#48 C:\Users\ismai\Downloads\STAJ22001\vendor\laravel\framework\src\Illuminate\Foundation\Http\Middleware\ConvertEmptyStringsToNull.php(31): Illuminate\Foundation\Http\Middleware\TransformsRequest->handle(Object(Illuminate\Http\Request), Object(Closure))
#49 C:\Users\ismai\Downloads\STAJ22001\vendor\laravel\framework\src\Illuminate\Pipeline\Pipeline.php(183): Illuminate\Foundation\Http\Middleware\ConvertEmptyStringsToNull->handle(Object(Illuminate\Http\Request), Object(Closure))
#50 C:\Users\ismai\Downloads\STAJ22001\vendor\laravel\framework\src\Illuminate\Foundation\Http\Middleware\TransformsRequest.php(21): Illuminate\Pipeline\Pipeline->Illuminate\Pipeline\{closure}(Object(Illuminate\Http\Request))
#51 C:\Users\ismai\Downloads\STAJ22001\vendor\laravel\framework\src\Illuminate\Foundation\Http\Middleware\TrimStrings.php(51): Illuminate\Foundation\Http\Middleware\TransformsRequest->handle(Object(Illuminate\Http\Request), Object(Closure))
#52 C:\Users\ismai\Downloads\STAJ22001\vendor\laravel\framework\src\Illuminate\Pipeline\Pipeline.php(183): Illuminate\Foundation\Http\Middleware\TrimStrings->handle(Object(Illuminate\Http\Request), Object(Closure))
#53 C:\Users\ismai\Downloads\STAJ22001\vendor\laravel\framework\src\Illuminate\Http\Middleware\ValidatePostSize.php(27): Illuminate\Pipeline\Pipeline->Illuminate\Pipeline\{closure}(Object(Illuminate\Http\Request))
#54 C:\Users\ismai\Downloads\STAJ22001\vendor\laravel\framework\src\Illuminate\Pipeline\Pipeline.php(183): Illuminate\Http\Middleware\ValidatePostSize->handle(Object(Illuminate\Http\Request), Object(Closure))
#55 C:\Users\ismai\Downloads\STAJ22001\vendor\laravel\framework\src\Illuminate\Foundation\Http\Middleware\PreventRequestsDuringMaintenance.php(110): Illuminate\Pipeline\Pipeline->Illuminate\Pipeline\{closure}(Object(Illuminate\Http\Request))
#56 C:\Users\ismai\Downloads\STAJ22001\vendor\laravel\framework\src\Illuminate\Pipeline\Pipeline.php(183): Illuminate\Foundation\Http\Middleware\PreventRequestsDuringMaintenance->handle(Object(Illuminate\Http\Request), Object(Closure))
#57 C:\Users\ismai\Downloads\STAJ22001\vendor\laravel\framework\src\Illuminate\Http\Middleware\HandleCors.php(49): Illuminate\Pipeline\Pipeline->Illuminate\Pipeline\{closure}(Object(Illuminate\Http\Request))
#58 C:\Users\ismai\Downloads\STAJ22001\vendor\laravel\framework\src\Illuminate\Pipeline\Pipeline.php(183): Illuminate\Http\Middleware\HandleCors->handle(Object(Illuminate\Http\Request), Object(Closure))
#59 C:\Users\ismai\Downloads\STAJ22001\vendor\laravel\framework\src\Illuminate\Http\Middleware\TrustProxies.php(58): Illuminate\Pipeline\Pipeline->Illuminate\Pipeline\{closure}(Object(Illuminate\Http\Request))
#60 C:\Users\ismai\Downloads\STAJ22001\vendor\laravel\framework\src\Illuminate\Pipeline\Pipeline.php(183): Illuminate\Http\Middleware\TrustProxies->handle(Object(Illuminate\Http\Request), Object(Closure))
#61 C:\Users\ismai\Downloads\STAJ22001\vendor\laravel\framework\src\Illuminate\Foundation\Http\Middleware\InvokeDeferredCallbacks.php(22): Illuminate\Pipeline\Pipeline->Illuminate\Pipeline\{closure}(Object(Illuminate\Http\Request))
#62 C:\Users\ismai\Downloads\STAJ22001\vendor\laravel\framework\src\Illuminate\Pipeline\Pipeline.php(183): Illuminate\Foundation\Http\Middleware\InvokeDeferredCallbacks->handle(Object(Illuminate\Http\Request), Object(Closure))
#63 C:\Users\ismai\Downloads\STAJ22001\vendor\laravel\framework\src\Illuminate\Pipeline\Pipeline.php(119): Illuminate\Pipeline\Pipeline->Illuminate\Pipeline\{closure}(Object(Illuminate\Http\Request))
#64 C:\Users\ismai\Downloads\STAJ22001\vendor\laravel\framework\src\Illuminate\Foundation\Http\Kernel.php(176): Illuminate\Pipeline\Pipeline->then(Object(Closure))
#65 C:\Users\ismai\Downloads\STAJ22001\vendor\laravel\framework\src\Illuminate\Foundation\Http\Kernel.php(145): Illuminate\Foundation\Http\Kernel->sendRequestThroughRouter(Object(Illuminate\Http\Request))
#66 C:\Users\ismai\Downloads\STAJ22001\vendor\laravel\framework\src\Illuminate\Foundation\Testing\Concerns\MakesHttpRequests.php(604): Illuminate\Foundation\Http\Kernel->handle(Object(Illuminate\Http\Request))
#67 C:\Users\ismai\Downloads\STAJ22001\vendor\laravel\framework\src\Illuminate\Foundation\Testing\Concerns\MakesHttpRequests.php(365): Illuminate\Foundation\Testing\TestCase->call('GET', '/profile', Array, Array, Array, Array)
#68 C:\Users\ismai\Downloads\STAJ22001\tests\Feature\ProfileTest.php(19): Illuminate\Foundation\Testing\TestCase->get('/profile')
#69 C:\Users\ismai\Downloads\STAJ22001\vendor\phpunit\phpunit\src\Framework\TestCase.php(1173): Tests\Feature\ProfileTest->test_profile_page_is_displayed()
#70 C:\Users\ismai\Downloads\STAJ22001\vendor\phpunit\phpunit\src\Framework\TestCase.php(482): PHPUnit\Framework\TestCase->runTest()
#71 C:\Users\ismai\Downloads\STAJ22001\vendor\phpunit\phpunit\src\Framework\TestRunner.php(98): PHPUnit\Framework\TestCase->runBare()
#72 C:\Users\ismai\Downloads\STAJ22001\vendor\phpunit\phpunit\src\Framework\TestCase.php(337): PHPUnit\Framework\TestRunner->run(Object(Tests\Feature\ProfileTest))
#73 C:\Users\ismai\Downloads\STAJ22001\vendor\phpunit\phpunit\src\Framework\TestSuite.php(369): PHPUnit\Framework\TestCase->run()
#74 C:\Users\ismai\Downloads\STAJ22001\vendor\phpunit\phpunit\src\Framework\TestSuite.php(369): PHPUnit\Framework\TestSuite->run()
#75 C:\Users\ismai\Downloads\STAJ22001\vendor\phpunit\phpunit\src\Framework\TestSuite.php(369): PHPUnit\Framework\TestSuite->run()
#76 C:\Users\ismai\Downloads\STAJ22001\vendor\phpunit\phpunit\src\TextUI\TestRunner.php(62): PHPUnit\Framework\TestSuite->run()
#77 C:\Users\ismai\Downloads\STAJ22001\vendor\phpunit\phpunit\src\TextUI\Application.php(200): PHPUnit\TextUI\TestRunner->run(Object(PHPUnit\TextUI\Configuration\Configuration), Object(PHPUnit\Runner\ResultCache\DefaultResultCache), Object(PHPUnit\Framework\TestSuite))
#78 C:\Users\ismai\Downloads\STAJ22001\vendor\phpunit\phpunit\phpunit(104): PHPUnit\TextUI\Application->run(Array)
#79 C:\Users\ismai\Downloads\STAJ22001\vendor\bin\phpunit(122): include('C:\\Users\\ismai\\...')
#80 {main}

Next Spatie\LaravelIgnition\Exceptions\ViewException: Vite manifest not found at: C:\Users\ismai\Downloads\STAJ22001\public\build/manifest.json in C:\Users\ismai\Downloads\STAJ22001\vendor\laravel\framework\src\Illuminate\Foundation\Vite.php:934
Stack trace:
#0 C:\Users\ismai\Downloads\STAJ22001\vendor\laravel\framework\src\Illuminate\Foundation\Vite.php(384): Illuminate\Foundation\Vite->manifest('build')
#1 C:\Users\ismai\Downloads\STAJ22001\resources\views\layouts\main.blade.php(7): Illuminate\Foundation\Vite->__invoke(Object(Illuminate\Support\Collection))
#2 C:\Users\ismai\Downloads\STAJ22001\vendor\laravel\framework\src\Illuminate\Filesystem\Filesystem.php(123): require('C:\\Users\\ismai\\...')
#3 C:\Users\ismai\Downloads\STAJ22001\vendor\laravel\framework\src\Illuminate\Filesystem\Filesystem.php(124): Illuminate\Filesystem\Filesystem::Illuminate\Filesystem\{closure}()
#4 C:\Users\ismai\Downloads\STAJ22001\vendor\laravel\framework\src\Illuminate\View\Engines\PhpEngine.php(58): Illuminate\Filesystem\Filesystem->getRequire('C:\\Users\\ismai\\...', Array)
#5 C:\Users\ismai\Downloads\STAJ22001\vendor\laravel\framework\src\Illuminate\View\Engines\CompilerEngine.php(74): Illuminate\View\Engines\PhpEngine->evaluatePath('C:\\Users\\ismai\\...', Array)
#6 C:\Users\ismai\Downloads\STAJ22001\vendor\laravel\framework\src\Illuminate\View\View.php(208): Illuminate\View\Engines\CompilerEngine->get('C:\\Users\\ismai\\...', Array)
#7 C:\Users\ismai\Downloads\STAJ22001\vendor\laravel\framework\src\Illuminate\View\View.php(191): Illuminate\View\View->getContents()
#8 C:\Users\ismai\Downloads\STAJ22001\vendor\laravel\framework\src\Illuminate\View\View.php(160): Illuminate\View\View->renderContents()
#9 C:\Users\ismai\Downloads\STAJ22001\resources\views\profile\edit.blade.php(35): Illuminate\View\View->render()
#10 C:\Users\ismai\Downloads\STAJ22001\vendor\laravel\framework\src\Illuminate\Filesystem\Filesystem.php(123): require('C:\\Users\\ismai\\...')
#11 C:\Users\ismai\Downloads\STAJ22001\vendor\laravel\framework\src\Illuminate\Filesystem\Filesystem.php(124): Illuminate\Filesystem\Filesystem::Illuminate\Filesystem\{closure}()
#12 C:\Users\ismai\Downloads\STAJ22001\vendor\laravel\framework\src\Illuminate\View\Engines\PhpEngine.php(58): Illuminate\Filesystem\Filesystem->getRequire('C:\\Users\\ismai\\...', Array)
#13 C:\Users\ismai\Downloads\STAJ22001\vendor\laravel\framework\src\Illuminate\View\Engines\CompilerEngine.php(74): Illuminate\View\Engines\PhpEngine->evaluatePath('C:\\Users\\ismai\\...', Array)
#14 C:\Users\ismai\Downloads\STAJ22001\vendor\laravel\framework\src\Illuminate\View\View.php(208): Illuminate\View\Engines\CompilerEngine->get('C:\\Users\\ismai\\...', Array)
#15 C:\Users\ismai\Downloads\STAJ22001\vendor\laravel\framework\src\Illuminate\View\View.php(191): Illuminate\View\View->getContents()
#16 C:\Users\ismai\Downloads\STAJ22001\vendor\laravel\framework\src\Illuminate\View\View.php(160): Illuminate\View\View->renderContents()
#17 C:\Users\ismai\Downloads\STAJ22001\vendor\laravel\framework\src\Illuminate\Http\Response.php(70): Illuminate\View\View->render()
#18 C:\Users\ismai\Downloads\STAJ22001\vendor\laravel\framework\src\Illuminate\Http\Response.php(35): Illuminate\Http\Response->setContent(Object(Illuminate\View\View))
#19 C:\Users\ismai\Downloads\STAJ22001\vendor\laravel\framework\src\Illuminate\Routing\Router.php(920): Illuminate\Http\Response->__construct(Object(Illuminate\View\View), 200, Array)
#20 C:\Users\ismai\Downloads\STAJ22001\vendor\laravel\framework\src\Illuminate\Routing\Router.php(887): Illuminate\Routing\Router::toResponse(Object(Illuminate\Http\Request), Object(Illuminate\View\View))
#21 C:\Users\ismai\Downloads\STAJ22001\vendor\laravel\framework\src\Illuminate\Routing\Router.php(807): Illuminate\Routing\Router->prepareResponse(Object(Illuminate\Http\Request), Object(Illuminate\View\View))
#22 C:\Users\ismai\Downloads\STAJ22001\vendor\laravel\framework\src\Illuminate\Pipeline\Pipeline.php(144): Illuminate\Routing\Router->Illuminate\Routing\{closure}(Object(Illuminate\Http\Request))
#23 C:\Users\ismai\Downloads\STAJ22001\vendor\laravel\framework\src\Illuminate\Routing\Middleware\SubstituteBindings.php(51): Illuminate\Pipeline\Pipeline->Illuminate\Pipeline\{closure}(Object(Illuminate\Http\Request))
#24 C:\Users\ismai\Downloads\STAJ22001\vendor\laravel\framework\src\Illuminate\Pipeline\Pipeline.php(183): Illuminate\Routing\Middleware\SubstituteBindings->handle(Object(Illuminate\Http\Request), Object(Closure))
#25 C:\Users\ismai\Downloads\STAJ22001\vendor\laravel\framework\src\Illuminate\Auth\Middleware\Authenticate.php(64): Illuminate\Pipeline\Pipeline->Illuminate\Pipeline\{closure}(Object(Illuminate\Http\Request))
#26 C:\Users\ismai\Downloads\STAJ22001\vendor\laravel\framework\src\Illuminate\Pipeline\Pipeline.php(183): Illuminate\Auth\Middleware\Authenticate->handle(Object(Illuminate\Http\Request), Object(Closure))
#27 C:\Users\ismai\Downloads\STAJ22001\vendor\laravel\framework\src\Illuminate\Foundation\Http\Middleware\VerifyCsrfToken.php(88): Illuminate\Pipeline\Pipeline->Illuminate\Pipeline\{closure}(Object(Illuminate\Http\Request))
#28 C:\Users\ismai\Downloads\STAJ22001\vendor\laravel\framework\src\Illuminate\Pipeline\Pipeline.php(183): Illuminate\Foundation\Http\Middleware\VerifyCsrfToken->handle(Object(Illuminate\Http\Request), Object(Closure))
#29 C:\Users\ismai\Downloads\STAJ22001\vendor\laravel\framework\src\Illuminate\View\Middleware\ShareErrorsFromSession.php(49): Illuminate\Pipeline\Pipeline->Illuminate\Pipeline\{closure}(Object(Illuminate\Http\Request))
#30 C:\Users\ismai\Downloads\STAJ22001\vendor\laravel\framework\src\Illuminate\Pipeline\Pipeline.php(183): Illuminate\View\Middleware\ShareErrorsFromSession->handle(Object(Illuminate\Http\Request), Object(Closure))
#31 C:\Users\ismai\Downloads\STAJ22001\vendor\laravel\framework\src\Illuminate\Session\Middleware\StartSession.php(121): Illuminate\Pipeline\Pipeline->Illuminate\Pipeline\{closure}(Object(Illuminate\Http\Request))
#32 C:\Users\ismai\Downloads\STAJ22001\vendor\laravel\framework\src\Illuminate\Session\Middleware\StartSession.php(64): Illuminate\Session\Middleware\StartSession->handleStatefulRequest(Object(Illuminate\Http\Request), Object(Illuminate\Session\Store), Object(Closure))
#33 C:\Users\ismai\Downloads\STAJ22001\vendor\laravel\framework\src\Illuminate\Pipeline\Pipeline.php(183): Illuminate\Session\Middleware\StartSession->handle(Object(Illuminate\Http\Request), Object(Closure))
#34 C:\Users\ismai\Downloads\STAJ22001\vendor\laravel\framework\src\Illuminate\Cookie\Middleware\AddQueuedCookiesToResponse.php(37): Illuminate\Pipeline\Pipeline->Illuminate\Pipeline\{closure}(Object(Illuminate\Http\Request))
#35 C:\Users\ismai\Downloads\STAJ22001\vendor\laravel\framework\src\Illuminate\Pipeline\Pipeline.php(183): Illuminate\Cookie\Middleware\AddQueuedCookiesToResponse->handle(Object(Illuminate\Http\Request), Object(Closure))
#36 C:\Users\ismai\Downloads\STAJ22001\vendor\laravel\framework\src\Illuminate\Cookie\Middleware\EncryptCookies.php(75): Illuminate\Pipeline\Pipeline->Illuminate\Pipeline\{closure}(Object(Illuminate\Http\Request))
#37 C:\Users\ismai\Downloads\STAJ22001\vendor\laravel\framework\src\Illuminate\Pipeline\Pipeline.php(183): Illuminate\Cookie\Middleware\EncryptCookies->handle(Object(Illuminate\Http\Request), Object(Closure))
#38 C:\Users\ismai\Downloads\STAJ22001\vendor\laravel\framework\src\Illuminate\Pipeline\Pipeline.php(119): Illuminate\Pipeline\Pipeline->Illuminate\Pipeline\{closure}(Object(Illuminate\Http\Request))
#39 C:\Users\ismai\Downloads\STAJ22001\vendor\laravel\framework\src\Illuminate\Routing\Router.php(807): Illuminate\Pipeline\Pipeline->then(Object(Closure))
#40 C:\Users\ismai\Downloads\STAJ22001\vendor\laravel\framework\src\Illuminate\Routing\Router.php(786): Illuminate\Routing\Router->runRouteWithinStack(Object(Illuminate\Routing\Route), Object(Illuminate\Http\Request))
#41 C:\Users\ismai\Downloads\STAJ22001\vendor\laravel\framework\src\Illuminate\Routing\Router.php(750): Illuminate\Routing\Router->runRoute(Object(Illuminate\Http\Request), Object(Illuminate\Routing\Route))
#42 C:\Users\ismai\Downloads\STAJ22001\vendor\laravel\framework\src\Illuminate\Routing\Router.php(739): Illuminate\Routing\Router->dispatchToRoute(Object(Illuminate\Http\Request))
#43 C:\Users\ismai\Downloads\STAJ22001\vendor\laravel\framework\src\Illuminate\Foundation\Http\Kernel.php(201): Illuminate\Routing\Router->dispatch(Object(Illuminate\Http\Request))
#44 C:\Users\ismai\Downloads\STAJ22001\vendor\laravel\framework\src\Illuminate\Pipeline\Pipeline.php(144): Illuminate\Foundation\Http\Kernel->Illuminate\Foundation\Http\{closure}(Object(Illuminate\Http\Request))
#45 C:\Users\ismai\Downloads\STAJ22001\app\Http\Middleware\EnsureUserHasRole.php(41): Illuminate\Pipeline\Pipeline->Illuminate\Pipeline\{closure}(Object(Illuminate\Http\Request))
#46 C:\Users\ismai\Downloads\STAJ22001\vendor\laravel\framework\src\Illuminate\Pipeline\Pipeline.php(183): App\Http\Middleware\EnsureUserHasRole->handle(Object(Illuminate\Http\Request), Object(Closure))
#47 C:\Users\ismai\Downloads\STAJ22001\vendor\laravel\framework\src\Illuminate\Foundation\Http\Middleware\TransformsRequest.php(21): Illuminate\Pipeline\Pipeline->Illuminate\Pipeline\{closure}(Object(Illuminate\Http\Request))
#48 C:\Users\ismai\Downloads\STAJ22001\vendor\laravel\framework\src\Illuminate\Foundation\Http\Middleware\ConvertEmptyStringsToNull.php(31): Illuminate\Foundation\Http\Middleware\TransformsRequest->handle(Object(Illuminate\Http\Request), Object(Closure))
#49 C:\Users\ismai\Downloads\STAJ22001\vendor\laravel\framework\src\Illuminate\Pipeline\Pipeline.php(183): Illuminate\Foundation\Http\Middleware\ConvertEmptyStringsToNull->handle(Object(Illuminate\Http\Request), Object(Closure))
#50 C:\Users\ismai\Downloads\STAJ22001\vendor\laravel\framework\src\Illuminate\Foundation\Http\Middleware\TransformsRequest.php(21): Illuminate\Pipeline\Pipeline->Illuminate\Pipeline\{closure}(Object(Illuminate\Http\Request))
#51 C:\Users\ismai\Downloads\STAJ22001\vendor\laravel\framework\src\Illuminate\Foundation\Http\Middleware\TrimStrings.php(51): Illuminate\Foundation\Http\Middleware\TransformsRequest->handle(Object(Illuminate\Http\Request), Object(Closure))
#52 C:\Users\ismai\Downloads\STAJ22001\vendor\laravel\framework\src\Illuminate\Pipeline\Pipeline.php(183): Illuminate\Foundation\Http\Middleware\TrimStrings->handle(Object(Illuminate\Http\Request), Object(Closure))
#53 C:\Users\ismai\Downloads\STAJ22001\vendor\laravel\framework\src\Illuminate\Http\Middleware\ValidatePostSize.php(27): Illuminate\Pipeline\Pipeline->Illuminate\Pipeline\{closure}(Object(Illuminate\Http\Request))
#54 C:\Users\ismai\Downloads\STAJ22001\vendor\laravel\framework\src\Illuminate\Pipeline\Pipeline.php(183): Illuminate\Http\Middleware\ValidatePostSize->handle(Object(Illuminate\Http\Request), Object(Closure))
#55 C:\Users\ismai\Downloads\STAJ22001\vendor\laravel\framework\src\Illuminate\Foundation\Http\Middleware\PreventRequestsDuringMaintenance.php(110): Illuminate\Pipeline\Pipeline->Illuminate\Pipeline\{closure}(Object(Illuminate\Http\Request))
#56 C:\Users\ismai\Downloads\STAJ22001\vendor\laravel\framework\src\Illuminate\Pipeline\Pipeline.php(183): Illuminate\Foundation\Http\Middleware\PreventRequestsDuringMaintenance->handle(Object(Illuminate\Http\Request), Object(Closure))
#57 C:\Users\ismai\Downloads\STAJ22001\vendor\laravel\framework\src\Illuminate\Http\Middleware\HandleCors.php(49): Illuminate\Pipeline\Pipeline->Illuminate\Pipeline\{closure}(Object(Illuminate\Http\Request))
#58 C:\Users\ismai\Downloads\STAJ22001\vendor\laravel\framework\src\Illuminate\Pipeline\Pipeline.php(183): Illuminate\Http\Middleware\HandleCors->handle(Object(Illuminate\Http\Request), Object(Closure))
#59 C:\Users\ismai\Downloads\STAJ22001\vendor\laravel\framework\src\Illuminate\Http\Middleware\TrustProxies.php(58): Illuminate\Pipeline\Pipeline->Illuminate\Pipeline\{closure}(Object(Illuminate\Http\Request))
#60 C:\Users\ismai\Downloads\STAJ22001\vendor\laravel\framework\src\Illuminate\Pipeline\Pipeline.php(183): Illuminate\Http\Middleware\TrustProxies->handle(Object(Illuminate\Http\Request), Object(Closure))
#61 C:\Users\ismai\Downloads\STAJ22001\vendor\laravel\framework\src\Illuminate\Foundation\Http\Middleware\InvokeDeferredCallbacks.php(22): Illuminate\Pipeline\Pipeline->Illuminate\Pipeline\{closure}(Object(Illuminate\Http\Request))
#62 C:\Users\ismai\Downloads\STAJ22001\vendor\laravel\framework\src\Illuminate\Pipeline\Pipeline.php(183): Illuminate\Foundation\Http\Middleware\InvokeDeferredCallbacks->handle(Object(Illuminate\Http\Request), Object(Closure))
#63 C:\Users\ismai\Downloads\STAJ22001\vendor\laravel\framework\src\Illuminate\Pipeline\Pipeline.php(119): Illuminate\Pipeline\Pipeline->Illuminate\Pipeline\{closure}(Object(Illuminate\Http\Request))
#64 C:\Users\ismai\Downloads\STAJ22001\vendor\laravel\framework\src\Illuminate\Foundation\Http\Kernel.php(176): Illuminate\Pipeline\Pipeline->then(Object(Closure))
#65 C:\Users\ismai\Downloads\STAJ22001\vendor\laravel\framework\src\Illuminate\Foundation\Http\Kernel.php(145): Illuminate\Foundation\Http\Kernel->sendRequestThroughRouter(Object(Illuminate\Http\Request))
#66 C:\Users\ismai\Downloads\STAJ22001\vendor\laravel\framework\src\Illuminate\Foundation\Testing\Concerns\MakesHttpRequests.php(604): Illuminate\Foundation\Http\Kernel->handle(Object(Illuminate\Http\Request))
#67 C:\Users\ismai\Downloads\STAJ22001\vendor\laravel\framework\src\Illuminate\Foundation\Testing\Concerns\MakesHttpRequests.php(365): Illuminate\Foundation\Testing\TestCase->call('GET', '/profile', Array, Array, Array, Array)
#68 C:\Users\ismai\Downloads\STAJ22001\tests\Feature\ProfileTest.php(19): Illuminate\Foundation\Testing\TestCase->get('/profile')
#69 C:\Users\ismai\Downloads\STAJ22001\vendor\phpunit\phpunit\src\Framework\TestCase.php(1173): Tests\Feature\ProfileTest->test_profile_page_is_displayed()
#70 C:\Users\ismai\Downloads\STAJ22001\vendor\phpunit\phpunit\src\Framework\TestCase.php(482): PHPUnit\Framework\TestCase->runTest()
#71 C:\Users\ismai\Downloads\STAJ22001\vendor\phpunit\phpunit\src\Framework\TestRunner.php(98): PHPUnit\Framework\TestCase->runBare()
#72 C:\Users\ismai\Downloads\STAJ22001\vendor\phpunit\phpunit\src\Framework\TestCase.php(337): PHPUnit\Framework\TestRunner->run(Object(Tests\Feature\ProfileTest))
#73 C:\Users\ismai\Downloads\STAJ22001\vendor\phpunit\phpunit\src\Framework\TestSuite.php(369): PHPUnit\Framework\TestCase->run()
#74 C:\Users\ismai\Downloads\STAJ22001\vendor\phpunit\phpunit\src\Framework\TestSuite.php(369): PHPUnit\Framework\TestSuite->run()
#75 C:\Users\ismai\Downloads\STAJ22001\vendor\phpunit\phpunit\src\Framework\TestSuite.php(369): PHPUnit\Framework\TestSuite->run()
#76 C:\Users\ismai\Downloads\STAJ22001\vendor\phpunit\phpunit\src\TextUI\TestRunner.php(62): PHPUnit\Framework\TestSuite->run()
#77 C:\Users\ismai\Downloads\STAJ22001\vendor\phpunit\phpunit\src\TextUI\Application.php(200): PHPUnit\TextUI\TestRunner->run(Object(PHPUnit\TextUI\Configuration\Configuration), Object(PHPUnit\Runner\ResultCache\DefaultResultCache), Object(PHPUnit\Framework\TestSuite))
#78 C:\Users\ismai\Downloads\STAJ22001\vendor\phpunit\phpunit\phpunit(104): PHPUnit\TextUI\Application->run(Array)
#79 C:\Users\ismai\Downloads\STAJ22001\vendor\bin\phpunit(122): include('C:\\Users\\ismai\\...')
#80 {main}

----------------------------------------------------------------------------------

Vite manifest not found at: C:\Users\ismai\Downloads\STAJ22001\public\build/manifest.json

C:\Users\ismai\Downloads\STAJ22001\vendor\laravel\framework\src\Illuminate\Testing\TestResponseAssert.php:45
C:\Users\ismai\Downloads\STAJ22001\vendor\laravel\framework\src\Illuminate\Testing\TestResponse.php:160
C:\Users\ismai\Downloads\STAJ22001\vendor\laravel\framework\src\Illuminate\Testing\Concerns\AssertsStatusCodes.php:16
C:\Users\ismai\Downloads\STAJ22001\tests\Feature\ProfileTest.php:21

ERRORS!
Tests: 28, Assertions: 55, Errors: 2, Failures: 12, Deprecations: 3.
